Archive member included to satisfy reference by file (symbol)

/usr/local/lib/libOpenPEARLstm32f7.a(CSema.o)
                              /tmp/ccvW2OUr.o (pearlrt::CSema::~CSema())
/usr/local/lib/libOpenPEARLstm32f7.a(main.o)
                              /opt/gcc-arm-none-eabi-5_4-2016q3/bin/../lib/gcc/arm-none-eabi/5.4.1/../../../../arm-none-eabi/lib/armv7e-m/crt0.o (main)
/usr/local/lib/libOpenPEARLstm32f7.a(Task.o)
                              /tmp/ccvW2OUr.o (pearlrt::Task::resume2())
/usr/local/lib/libOpenPEARLstm32f7.a(TaskMonitor.o)
                              /usr/local/lib/libOpenPEARLstm32f7.a(Task.o) (pearlrt::TaskMonitor::decPendingTasks())
/usr/local/lib/libOpenPEARLstm32f7.a(TaskTimer.o)
                              /usr/local/lib/libOpenPEARLstm32f7.a(Task.o) (pearlrt::TaskTimer::TaskTimer())
/usr/local/lib/libOpenPEARLstm32f7.a(Log.o)
                              /usr/local/lib/libOpenPEARLstm32f7.a(main.o) (pearlrt::Log::info(char const*, ...))
/usr/local/lib/libOpenPEARLstm32f7.a(Clock.o)
                              /tmp/ccvW2OUr.o (pearlrt::Clock::Clock())
/usr/local/lib/libOpenPEARLstm32f7.a(Duration.o)
                              /usr/local/lib/libOpenPEARLstm32f7.a(Clock.o) (pearlrt::Duration::get() const)
/usr/local/lib/libOpenPEARLstm32f7.a(Signals.o)
                              /usr/local/lib/libOpenPEARLstm32f7.a(Task.o) (pearlrt::Signal::which())
/usr/local/lib/libOpenPEARLstm32f7.a(Fixed63.o)
                              /usr/local/lib/libOpenPEARLstm32f7.a(Clock.o) (pearlrt::Fixed63::Fixed63())
/usr/local/lib/libOpenPEARLstm32f7.a(Prio.o)
                              /tmp/ccvW2OUr.o (pearlrt::Prio::Prio())
/usr/local/lib/libOpenPEARLstm32f7.a(RefChar.o)
                              /usr/local/lib/libOpenPEARLstm32f7.a(Log.o) (pearlrt::RefCharacter::clear())
/usr/local/lib/libOpenPEARLstm32f7.a(RefCharSink.o)
                              /usr/local/lib/libOpenPEARLstm32f7.a(Log.o) (pearlrt::RefCharSink::RefCharSink(pearlrt::RefCharacter&))
/usr/local/lib/libOpenPEARLstm32f7.a(PutClock.o)
                              /usr/local/lib/libOpenPEARLstm32f7.a(Log.o) (pearlrt::PutClock::toT(pearlrt::Clock const&, pearlrt::Fixed<31> const&, pearlrt::Fixed<31> const&, pearlrt::Sink&))
/usr/local/lib/libOpenPEARLstm32f7.a(TaskCommon.o)
                              /tmp/ccvW2OUr.o (pearlrt::TaskCommon::scheduleCallback(bool))
/usr/local/lib/libOpenPEARLstm32f7.a(TaskList.o)
                              /usr/local/lib/libOpenPEARLstm32f7.a(main.o) (pearlrt::TaskList::Instance())
/usr/local/lib/libOpenPEARLstm32f7.a(TaskMonitor.o)
                              /usr/local/lib/libOpenPEARLstm32f7.a(Task.o) (pearlrt::TaskMonitor::Instance())
/usr/local/lib/libOpenPEARLstm32f7.a(MutexCommon.o)
                              /usr/local/lib/libOpenPEARLstm32f7.a(TaskMonitor.o) (pearlrt::MutexCommon::name(char const*))
/usr/local/lib/libOpenPEARLstm32f7.a(CSemaCommon.o)
                              /usr/local/lib/libOpenPEARLstm32f7.a(CSema.o) (pearlrt::CSemaCommon::CSemaCommon())
/usr/local/lib/libOpenPEARLstm32f7.a(Semaphore.o)
                              /usr/local/lib/libOpenPEARLstm32f7.a(Task.o) (pearlrt::Semaphore::removeFromWaitQueue(pearlrt::TaskCommon*))
/usr/local/lib/libOpenPEARLstm32f7.a(PriorityQueue.o)
                              /usr/local/lib/libOpenPEARLstm32f7.a(Semaphore.o) (pearlrt::PriorityQueue::PriorityQueue())
/usr/local/lib/libOpenPEARLstm32f7.a(FloatHelper.o)
                              /usr/local/lib/libOpenPEARLstm32f7.a(Duration.o) (pearlrt::FloatHelper::testFloatResult(double))
/usr/local/lib/libOpenPEARLstm32f7.a(tasks.o)
                              /usr/local/lib/libOpenPEARLstm32f7.a(Task.o) (xTaskGenericCreate)
/usr/local/lib/libOpenPEARLstm32f7.a(list.o)
                              /usr/local/lib/libOpenPEARLstm32f7.a(tasks.o) (vListInitialise)
/usr/local/lib/libOpenPEARLstm32f7.a(queue.o)
                              /usr/local/lib/libOpenPEARLstm32f7.a(CSema.o) (xQueueCreateCountingSemaphore)
/usr/local/lib/libOpenPEARLstm32f7.a(port.o)
                              /usr/local/lib/libOpenPEARLstm32f7.a(tasks.o) (pxPortInitialiseStack)
/usr/local/lib/libOpenPEARLstm32f7.a(assert.o)
                              /usr/local/lib/libOpenPEARLstm32f7.a(tasks.o) (vAssertCalled)
/usr/local/lib/libOpenPEARLstm32f7.a(clock.o)
                              /usr/local/lib/libOpenPEARLstm32f7.a(Clock.o) (localtime)
/usr/local/lib/libOpenPEARLstm32f7.a(FreeRTOSClock.o)
                              /usr/local/lib/OpenPEARLstm32f7_board.o (pearlrt::FreeRTOSClock::set(tm const*))
/usr/local/lib/libOpenPEARLstm32f7.a(FreeRTOSHooks.o)
                              /usr/local/lib/libOpenPEARLstm32f7.a(tasks.o) (vApplicationStackOverflowHook)
/usr/local/lib/libOpenPEARLstm32f7.a(timer.o)
                              /usr/local/lib/libOpenPEARLstm32f7.a(FreeRTOSClock.o) (register_timer_source)
/usr/local/lib/libOpenPEARLstm32f7.a(service.o)
[...]
Memory Configuration

Name             Origin             Length             Attributes
FLASH            0x08000000         0x00100000         xr
RAM              0x20000000         0x00030000         xrw
MEMORY_B1        0x60000000         0x00000000         xr
*default*        0x00000000         0xffffffff

Linker script and memory map

LOAD /opt/gcc-arm-none-eabi-5_4-2016q3/bin/../lib/gcc/arm-none-eabi/5.4.1/armv7e-m/crti.o
LOAD /opt/gcc-arm-none-eabi-5_4-2016q3/bin/../lib/gcc/arm-none-eabi/5.4.1/armv7e-m/crtbegin.o
LOAD /opt/gcc-arm-none-eabi-5_4-2016q3/bin/../lib/gcc/arm-none-eabi/5.4.1/../../../../arm-none-eabi/lib/armv7e-m/crt0.o
LOAD /usr/local/lib/OpenPEARLstm32f7_board.o
LOAD /tmp/ccvW2OUr.o
LOAD /usr/local/lib/libOpenPEARLstm32f7.a
LOAD /opt/gcc-arm-none-eabi-5_4-2016q3/bin/../lib/gcc/arm-none-eabi/5.4.1/../../../../arm-none-eabi/lib/armv7e-m/libstdc++.a
LOAD /opt/gcc-arm-none-eabi-5_4-2016q3/bin/../lib/gcc/arm-none-eabi/5.4.1/../../../../arm-none-eabi/lib/armv7e-m/libm.a
START GROUP
LOAD /opt/gcc-arm-none-eabi-5_4-2016q3/bin/../lib/gcc/arm-none-eabi/5.4.1/armv7e-m/libgcc.a
LOAD /opt/gcc-arm-none-eabi-5_4-2016q3/bin/../lib/gcc/arm-none-eabi/5.4.1/../../../../arm-none-eabi/lib/armv7e-m/libg.a
LOAD /opt/gcc-arm-none-eabi-5_4-2016q3/bin/../lib/gcc/arm-none-eabi/5.4.1/../../../../arm-none-eabi/lib/armv7e-m/libc.a
END GROUP
START GROUP
LOAD /opt/gcc-arm-none-eabi-5_4-2016q3/bin/../lib/gcc/arm-none-eabi/5.4.1/armv7e-m/libgcc.a
LOAD /opt/gcc-arm-none-eabi-5_4-2016q3/bin/../lib/gcc/arm-none-eabi/5.4.1/../../../../arm-none-eabi/lib/armv7e-m/libc.a
LOAD /opt/gcc-arm-none-eabi-5_4-2016q3/bin/../lib/gcc/arm-none-eabi/5.4.1/../../../../arm-none-eabi/lib/armv7e-m/libnosys.a
END GROUP
LOAD /opt/gcc-arm-none-eabi-5_4-2016q3/bin/../lib/gcc/arm-none-eabi/5.4.1/armv7e-m/crtend.o
LOAD /opt/gcc-arm-none-eabi-5_4-2016q3/bin/../lib/gcc/arm-none-eabi/5.4.1/armv7e-m/crtn.o
                0x20020000                _estack = 0x20020000
                0x00000000                _Min_Heap_Size = 0x0
                0x00000400                _Min_Stack_Size = 0x400

.isr_vector     0x08000000      0x188
                0x08000000                . = ALIGN (0x4)
 *(.isr_vector)
 .isr_vector    0x08000000      0x188 /usr/local/lib/OpenPEARLstm32f7_board.o
                0x08000000                g_pfnVectors
                0x08000188                . = ALIGN (0x4)

.text           0x080001c0    0x1b46c
                0x080001c0                . = ALIGN (0x4)
 *(.text)
 .text          0x080001c0       0x5c /opt/gcc-arm-none-eabi-5_4-2016q3/bin/../lib/gcc/arm-none-eabi/5.4.1/armv7e-m/crtbegin.o
 .text          0x0800021c     0x6100 /opt/gcc-arm-none-eabi-5_4-2016q3/bin/../lib/gcc/arm-none-eabi/5.4.1/../../../../arm-none-eabi/lib/armv7e-m/libstdc++.a(cp-demangle.o)
                0x0800623c                __cxa_demangle
                0x080062f8                __gcclibcxx_demangle_callback
 .text          0x0800631c      0x370 /opt/gcc-arm-none-eabi-5_4-2016q3/bin/../lib/gcc/arm-none-eabi/5.4.1/armv7e-m/libgcc.a(_arm_addsubdf3.o)
                0x0800631c                __aeabi_drsub
                0x08006324                __aeabi_dsub
                0x08006324                __subdf3
                0x08006328                __adddf3
                0x08006328                __aeabi_dadd
                0x080065a0                __aeabi_ui2d
                0x080065a0                __floatunsidf
                0x080065c0                __floatsidf
                0x080065c0                __aeabi_i2d
                0x080065e4                __extendsfdf2
                0x080065e4                __aeabi_f2d
                0x08006620                __aeabi_ul2d
                0x08006620                __floatundidf
                0x08006630                __floatdidf
                0x08006630                __aeabi_l2d
 .text          0x0800668c      0x424 /opt/gcc-arm-none-eabi-5_4-2016q3/bin/../lib/gcc/arm-none-eabi/5.4.1/armv7e-m/libgcc.a(_arm_muldivdf3.o)
                0x0800668c                __aeabi_dmul
                0x0800668c                __muldf3
                0x080068e0                __aeabi_ddiv
                0x080068e0                __divdf3
 .text          0x08006ab0      0x110 /opt/gcc-arm-none-eabi-5_4-2016q3/bin/../lib/gcc/arm-none-eabi/5.4.1/armv7e-m/libgcc.a(_arm_cmpdf2.o)
                0x08006ab0                __gtdf2
                0x08006ab0                __gedf2
                0x08006ab8                __ltdf2
                0x08006ab8                __ledf2
                0x08006ac0                __cmpdf2
                0x08006ac0                __eqdf2
                0x08006ac0                __nedf2
                0x08006b3c                __aeabi_cdrcmple
                0x08006b4c                __aeabi_cdcmple
                0x08006b4c                __aeabi_cdcmpeq
                0x08006b5c                __aeabi_dcmpeq
                0x08006b70                __aeabi_dcmplt
                0x08006b84                __aeabi_dcmple
                0x08006b98                __aeabi_dcmpge
                0x08006bac                __aeabi_dcmpgt
 .text          0x08006bc0       0x2c /opt/gcc-arm-none-eabi-5_4-2016q3/bin/../lib/gcc/arm-none-eabi/5.4.1/armv7e-m/libgcc.a(_arm_unorddf2.o)
                0x08006bc0                __aeabi_dcmpun
                0x08006bc0                __unorddf2
 .text          0x08006bec       0x50 /opt/gcc-arm-none-eabi-5_4-2016q3/bin/../lib/gcc/arm-none-eabi/5.4.1/armv7e-m/libgcc.a(_arm_fixdfsi.o)
                0x08006bec                __fixdfsi
                0x08006bec                __aeabi_d2iz
 .text          0x08006c3c       0xa0 /opt/gcc-arm-none-eabi-5_4-2016q3/bin/../lib/gcc/arm-none-eabi/5.4.1/armv7e-m/libgcc.a(_arm_truncdfsf2.o)
                0x08006c3c                __aeabi_d2f
                0x08006c3c                __truncdfsf2
 .text          0x08006cdc      0x21c /opt/gcc-arm-none-eabi-5_4-2016q3/bin/../lib/gcc/arm-none-eabi/5.4.1/armv7e-m/libgcc.a(_arm_addsubsf3.o)
                0x08006cdc                __aeabi_frsub
                0x08006ce4                __subsf3
                0x08006ce4                __aeabi_fsub
                0x08006ce8                __aeabi_fadd
                0x08006ce8                __addsf3
                0x08006e48                __aeabi_ui2f
                0x08006e48                __floatunsisf
                0x08006e50                __aeabi_i2f
                0x08006e50                __floatsisf
                0x08006e6c                __floatundisf
                0x08006e6c                __aeabi_ul2f
                0x08006e7c                __floatdisf
                0x08006e7c                __aeabi_l2f
 .text          0x08006ef8      0x2a0 /opt/gcc-arm-none-eabi-5_4-2016q3/bin/../lib/gcc/arm-none-eabi/5.4.1/armv7e-m/libgcc.a(_arm_muldivsf3.o)
                0x08006ef8                __mulsf3
                0x08006ef8                __aeabi_fmul
                0x08007060                __divsf3
                0x08007060                __aeabi_fdiv
 .text          0x08007198       0x4c /opt/gcc-arm-none-eabi-5_4-2016q3/bin/../lib/gcc/arm-none-eabi/5.4.1/armv7e-m/libgcc.a(_arm_fixsfsi.o)
                0x08007198                __fixsfsi
                0x08007198                __aeabi_f2iz
 .text          0x080071e4       0xa0 /opt/gcc-arm-none-eabi-5_4-2016q3/bin/../lib/gcc/arm-none-eabi/5.4.1/armv7e-m/libgcc.a(_aeabi_ldivmod.o)
                0x080071e4                __aeabi_ldivmod
 .text          0x08007284       0x30 /opt/gcc-arm-none-eabi-5_4-2016q3/bin/../lib/gcc/arm-none-eabi/5.4.1/armv7e-m/libgcc.a(_aeabi_uldivmod.o)
                0x08007284                __aeabi_uldivmod
 .text          0x080072b4       0x34 /opt/gcc-arm-none-eabi-5_4-2016q3/bin/../lib/gcc/arm-none-eabi/5.4.1/armv7e-m/libgcc.a(_fixdfdi.o)
                0x080072b4                __aeabi_d2lz
                0x080072b4                __fixdfdi
 .text          0x080072e8       0x48 /opt/gcc-arm-none-eabi-5_4-2016q3/bin/../lib/gcc/arm-none-eabi/5.4.1/armv7e-m/libgcc.a(_fixunsdfdi.o)
                0x080072e8                __aeabi_d2ulz
                0x080072e8                __fixunsdfdi
 .text          0x08007330      0x2e4 /opt/gcc-arm-none-eabi-5_4-2016q3/bin/../lib/gcc/arm-none-eabi/5.4.1/armv7e-m/libgcc.a(_udivmoddi4.o)
                0x08007330                __udivmoddi4
 .text          0x08007614      0x9dc /opt/gcc-arm-none-eabi-5_4-2016q3/bin/../lib/gcc/arm-none-eabi/5.4.1/armv7e-m/libgcc.a(unwind-arm.o)
                0x080078d0                _Unwind_GetCFA
                0x080078d4                __gnu_Unwind_RaiseException
                0x08007934                __gnu_Unwind_ForcedUnwind
                0x08007948                __gnu_Unwind_Resume
                0x0800798c                __gnu_Unwind_Resume_or_Rethrow
                0x0800799c                _Unwind_Complete
                0x080079a0                _Unwind_DeleteException
                0x080079ac                _Unwind_VRS_Get
                0x080079f8                _Unwind_VRS_Set
                0x08007a48                __gnu_Unwind_Backtrace
                0x08007d94                __aeabi_unwind_cpp_pr0
                0x08007d98                __aeabi_unwind_cpp_pr1
                0x08007d9c                __aeabi_unwind_cpp_pr2
                0x08007da0                _Unwind_VRS_Pop
 .text          0x08007ff0      0x1ac /opt/gcc-arm-none-eabi-5_4-2016q3/bin/../lib/gcc/arm-none-eabi/5.4.1/armv7e-m/libgcc.a(libunwind.o)
                0x08007ff0                __restore_core_regs
                0x08007ff0                restore_core_regs
                0x08008008                __gnu_Unwind_Restore_VFP
                0x08008010                __gnu_Unwind_Save_VFP
                0x08008018                __gnu_Unwind_Restore_VFP_D
                0x08008020                __gnu_Unwind_Save_VFP_D
                0x08008028                __gnu_Unwind_Restore_VFP_D_16_to_31
                0x08008030                __gnu_Unwind_Save_VFP_D_16_to_31
                0x08008038                __gnu_Unwind_Restore_WMMXD
                0x0800807c                __gnu_Unwind_Save_WMMXD
                0x080080c0                __gnu_Unwind_Restore_WMMXC
                0x080080d4                __gnu_Unwind_Save_WMMXC
                0x080080e8                ___Unwind_RaiseException
                0x080080e8                _Unwind_RaiseException
                0x0800810c                ___Unwind_Resume
                0x0800810c                _Unwind_Resume
                0x08008130                _Unwind_Resume_or_Rethrow
                0x08008130                ___Unwind_Resume_or_Rethrow
                0x08008154                ___Unwind_ForcedUnwind
                0x08008154                _Unwind_ForcedUnwind
                0x08008178                _Unwind_Backtrace
                0x08008178                ___Unwind_Backtrace
 .text          0x0800819c      0x354 /opt/gcc-arm-none-eabi-5_4-2016q3/bin/../lib/gcc/arm-none-eabi/5.4.1/armv7e-m/libgcc.a(pr-support.o)
                0x080081f4                __gnu_unwind_execute
                0x08008498                __gnu_unwind_frame
                0x080084c0                _Unwind_GetRegionStart
                0x080084cc                _Unwind_GetLanguageSpecificData
                0x080084e0                _Unwind_GetTextRelBase
                0x080084e8                _Unwind_GetDataRelBase
 .text          0x080084f0        0x4 /opt/gcc-arm-none-eabi-5_4-2016q3/bin/../lib/gcc/arm-none-eabi/5.4.1/armv7e-m/libgcc.a(_dvmd_tls.o)
                0x080084f0                __aeabi_ldiv0
                0x080084f0                __aeabi_idiv0
 .text          0x080084f4       0x40 /opt/gcc-arm-none-eabi-5_4-2016q3/bin/../lib/gcc/arm-none-eabi/5.4.1/armv7e-m/libgcc.a(_arm_fixunsdfsi.o)
                0x080084f4                __fixunsdfsi
                0x080084f4                __aeabi_d2uiz
 *fill*         0x08008534        0xc 
 .text          0x08008540       0xa0 /opt/gcc-arm-none-eabi-5_4-2016q3/bin/../lib/gcc/arm-none-eabi/5.4.1/../../../../arm-none-eabi/lib/armv7e-m/libg.a(lib_a-memchr.o)
                0x08008540                memchr
 .text          0x080085e0      0x134 /opt/gcc-arm-none-eabi-5_4-2016q3/bin/../lib/gcc/arm-none-eabi/5.4.1/../../../../arm-none-eabi/lib/armv7e-m/libg.a(lib_a-memcpy.o)
                0x080085e0                memcpy
 *fill*         0x08008714        0xc 
 .text          0x08008720      0x2dc /opt/gcc-arm-none-eabi-5_4-2016q3/bin/../lib/gcc/arm-none-eabi/5.4.1/../../../../arm-none-eabi/lib/armv7e-m/libg.a(lib_a-strcmp.o)
                0x08008728                strcmp
 *fill*         0x080089fc        0x4 
 .text          0x08008a00       0xdc /opt/gcc-arm-none-eabi-5_4-2016q3/bin/../lib/gcc/arm-none-eabi/5.4.1/../../../../arm-none-eabi/lib/armv7e-m/libg.a(lib_a-strlen.o)
                0x08008a00                strlen
 *(.text*)
 .text.vApplicationTickHook
                0x08008adc       0x10 /usr/local/lib/OpenPEARLstm32f7_board.o
                0x08008adc                vApplicationTickHook
 .text._ZN7pearlrt14Stm32f7xxClockC2Ei
                0x08008aec       0x54 /usr/local/lib/OpenPEARLstm32f7_board.o
                0x08008aec                pearlrt::Stm32f7xxClock::Stm32f7xxClock(int)
                0x08008aec                pearlrt::Stm32f7xxClock::Stm32f7xxClock(int)
 .text.Reset_Handler
                0x08008b40       0x48 /usr/local/lib/OpenPEARLstm32f7_board.o
                0x08008b40                Reset_Handler
 .text.Default_Handler
                0x08008b88        0x2 /usr/local/lib/OpenPEARLstm32f7_board.o
                0x08008b88                RTC_Alarm_IRQHandler
                0x08008b88                HASH_RNG_IRQHandler
                0x08008b88                EXTI2_IRQHandler
                0x08008b88                TIM8_CC_IRQHandler
                0x08008b88                DebugMon_Handler
                0x08008b88                TIM1_CC_IRQHandler
                0x08008b88                DMA2_Stream5_IRQHandler
                0x08008b88                HardFault_Handler
                0x08008b88                DMA1_Stream5_IRQHandler
                0x08008b88                SysTick_Handler
                0x08008b88                PVD_IRQHandler
                0x08008b88                SDIO_IRQHandler
                0x08008b88                TAMP_STAMP_IRQHandler
                0x08008b88                PendSV_Handler
                0x08008b88                NMI_Handler
                0x08008b88                CAN2_RX1_IRQHandler
                0x08008b88                EXTI3_IRQHandler
                0x08008b88                TIM8_TRG_COM_TIM14_IRQHandler
                0x08008b88                TIM1_UP_TIM10_IRQHandler
                0x08008b88                TIM8_UP_TIM13_IRQHandler
                0x08008b88                I2C3_ER_IRQHandler
                0x08008b88                EXTI0_IRQHandler
                0x08008b88                I2C2_EV_IRQHandler
                0x08008b88                DMA1_Stream2_IRQHandler
                0x08008b88                CAN1_RX0_IRQHandler
                0x08008b88                FPU_IRQHandler
                0x08008b88                OTG_HS_WKUP_IRQHandler
                0x08008b88                UsageFault_Handler
                0x08008b88                CAN2_SCE_IRQHandler
                0x08008b88                DMA2_Stream2_IRQHandler
                0x08008b88                SPI1_IRQHandler
                0x08008b88                TIM6_DAC_IRQHandler
                0x08008b88                TIM1_BRK_TIM9_IRQHandler
                0x08008b88                DCMI_IRQHandler
                0x08008b88                CAN2_RX0_IRQHandler
                0x08008b88                DMA2_Stream3_IRQHandler
                0x08008b88                USART6_IRQHandler
                0x08008b88                USART3_IRQHandler
                0x08008b88                CRYP_IRQHandler
                0x08008b88                CAN1_RX1_IRQHandler
                0x08008b88                UART5_IRQHandler
                0x08008b88                DMA2_Stream0_IRQHandler
                0x08008b88                TIM4_IRQHandler
                0x08008b88                I2C1_EV_IRQHandler
                0x08008b88                DMA1_Stream6_IRQHandler
                0x08008b88                DMA1_Stream1_IRQHandler
                0x08008b88                UART4_IRQHandler
                0x08008b88                TIM3_IRQHandler
                0x08008b88                RCC_IRQHandler
                0x08008b88                TIM8_BRK_TIM12_IRQHandler
                0x08008b88                Default_Handler
                0x08008b88                EXTI15_10_IRQHandler
                0x08008b88                ADC_IRQHandler
                0x08008b88                DMA1_Stream7_IRQHandler
                0x08008b88                TIM7_IRQHandler
                0x08008b88                CAN2_TX_IRQHandler
                0x08008b88                TIM5_IRQHandler
                0x08008b88                DMA2_Stream7_IRQHandler
                0x08008b88                I2C3_EV_IRQHandler
                0x08008b88                EXTI9_5_IRQHandler
                0x08008b88                RTC_WKUP_IRQHandler
                0x08008b88                ETH_WKUP_IRQHandler
                0x08008b88                SPI2_IRQHandler
                0x08008b88                OTG_HS_EP1_IN_IRQHandler
                0x08008b88                MemManage_Handler
                0x08008b88                DMA1_Stream0_IRQHandler
                0x08008b88                CAN1_TX_IRQHandler
                0x08008b88                SVC_Handler
                0x08008b88                EXTI4_IRQHandler
                0x08008b88                FSMC_IRQHandler
                0x08008b88                ETH_IRQHandler
                0x08008b88                OTG_HS_EP1_OUT_IRQHandler
                0x08008b88                WWDG_IRQHandler
                0x08008b88                TIM2_IRQHandler
                0x08008b88                OTG_FS_WKUP_IRQHandler
                0x08008b88                TIM1_TRG_COM_TIM11_IRQHandler
                0x08008b88                OTG_HS_IRQHandler
                0x08008b88                EXTI1_IRQHandler
                0x08008b88                USART2_IRQHandler
                0x08008b88                I2C2_ER_IRQHandler
                0x08008b88                DMA2_Stream1_IRQHandler
                0x08008b88                CAN1_SCE_IRQHandler
                0x08008b88                FLASH_IRQHandler
                0x08008b88                DMA2_Stream4_IRQHandler
                0x08008b88                BusFault_Handler
                0x08008b88                USART1_IRQHandler
                0x08008b88                OTG_FS_IRQHandler
                0x08008b88                SPI3_IRQHandler
                0x08008b88                DMA1_Stream4_IRQHandler
                0x08008b88                I2C1_ER_IRQHandler
                0x08008b88                DMA2_Stream6_IRQHandler
                0x08008b88                DMA1_Stream3_IRQHandler
 *fill*         0x08008b8a        0x2 
 .text._ZN7C_TASK14taskEPN7pearlrt4TaskE
                0x08008b8c       0xdc /tmp/ccvW2OUr.o
                0x08008b8c                C_TASK1::task(pearlrt::Task*)
 .text._ZN7C_TASK24taskEPN7pearlrt4TaskE
                0x08008c68       0x50 /tmp/ccvW2OUr.o
                0x08008c68                C_TASK2::task(pearlrt::Task*)
 .text._ZN7C_TASK2D2Ev
                0x08008cb8       0x18 /tmp/ccvW2OUr.o
                0x08008cb8                C_TASK2::~C_TASK2()
                0x08008cb8                C_TASK2::~C_TASK2()
 .text._ZN7C_TASK1D2Ev
                0x08008cd0       0x18 /tmp/ccvW2OUr.o
                0x08008cd0                C_TASK1::~C_TASK1()
                0x08008cd0                C_TASK1::~C_TASK1()
 .text.startup._GLOBAL__sub_I_myClock
                0x08008ce8       0x98 /tmp/ccvW2OUr.o
 .text._ZN7pearlrt5CSema7requestEv
                0x08008d80        0xe /usr/local/lib/libOpenPEARLstm32f7.a(CSema.o)
                0x08008d80                pearlrt::CSema::request()
 .text._ZN7pearlrt5CSema7releaseEv
                0x08008d8e        0xc /usr/local/lib/libOpenPEARLstm32f7.a(CSema.o)
                0x08008d8e                pearlrt::CSema::release()
 *fill*         0x08008d9a        0x2 
 .text._ZN7pearlrt5CSemaC2Ei
                0x08008d9c       0x30 /usr/local/lib/libOpenPEARLstm32f7.a(CSema.o)
                0x08008d9c                pearlrt::CSema::CSema(int)
                0x08008d9c                pearlrt::CSema::CSema(int)
 .text._ZN7pearlrt5CSemaD2Ev
                0x08008dcc       0x18 /usr/local/lib/libOpenPEARLstm32f7.a(CSema.o)
                0x08008dcc                pearlrt::CSema::~CSema()
                0x08008dcc                pearlrt::CSema::~CSema()
 .text.startup.main
                0x08008de4      0x17c /usr/local/lib/libOpenPEARLstm32f7.a(main.o)
                0x08008de4                main
 .text._ZN7pearlrt4Task7resume2Ev
                0x08008f60        0x6 /usr/local/lib/libOpenPEARLstm32f7.a(Task.o)
                0x08008f60                pearlrt::Task::resume2()
 *fill*         0x08008f66        0x2 
 .text._ZN7pearlrt4Task7tskfuncEPv
                0x08008f68       0xa0 /usr/local/lib/libOpenPEARLstm32f7.a(Task.o)
                0x08008f68                pearlrt::Task::tskfunc(void*)
 .text._ZN7pearlrt4TaskC2EPcNS_4PrioENS_9BitStringILi1EEE
                0x08009008       0x58 /usr/local/lib/libOpenPEARLstm32f7.a(Task.o)
                0x08009008                pearlrt::Task::Task(char*, pearlrt::Prio, pearlrt::BitString<1>)
                0x08009008                pearlrt::Task::Task(char*, pearlrt::Prio, pearlrt::BitString<1>)
 .text._ZN7pearlrt4Task4initEv
                0x08009060       0x28 /usr/local/lib/libOpenPEARLstm32f7.a(Task.o)
                0x08009060                pearlrt::Task::init()
 .text._ZN7pearlrt4Task16changeThreadPrioERKNS_5FixedILi15EEE
                0x08009088       0x22 /usr/local/lib/libOpenPEARLstm32f7.a(Task.o)
                0x08009088                pearlrt::Task::changeThreadPrio(pearlrt::Fixed<15> const&)
 .text._ZN7pearlrt4Task17continueSuspendedEv
                0x080090aa       0x3a /usr/local/lib/libOpenPEARLstm32f7.a(Task.o)
                0x080090aa                pearlrt::Task::continueSuspended()
 .text._ZN7pearlrt4Task21switchToThreadPrioMaxEv
                0x080090e4       0x18 /usr/local/lib/libOpenPEARLstm32f7.a(Task.o)
                0x080090e4                pearlrt::Task::switchToThreadPrioMax()
 .text._ZN7pearlrt4Task15terminateMySelfEv
                0x080090fc       0x74 /usr/local/lib/libOpenPEARLstm32f7.a(Task.o)
                0x080090fc                pearlrt::Task::terminateMySelf()
 .text._ZN7pearlrt4Task22terminateFromOtherTaskEv
                0x08009170       0xd4 /usr/local/lib/libOpenPEARLstm32f7.a(Task.o)
                0x08009170                pearlrt::Task::terminateFromOtherTask()
 .text._ZN7pearlrt4Task13suspendMySelfEv
                0x08009244       0x88 /usr/local/lib/libOpenPEARLstm32f7.a(Task.o)
                0x08009244                pearlrt::Task::suspendMySelf()
 .text._ZN7pearlrt4Task21continueFromOtherTaskEiNS_4PrioE
                0x080092cc      0x10c /usr/local/lib/libOpenPEARLstm32f7.a(Task.o)
                0x080092cc                pearlrt::Task::continueFromOtherTask(int, pearlrt::Prio)
 .text._ZN7pearlrt4Task14directActivateERKNS_5FixedILi15EEE
                0x080093d8       0xc8 /usr/local/lib/libOpenPEARLstm32f7.a(Task.o)
                0x080093d8                pearlrt::Task::directActivate(pearlrt::Fixed<15> const&)
 .text._ZN7pearlrt4Task20suspendFromOtherTaskEv
                0x080094a0       0x90 /usr/local/lib/libOpenPEARLstm32f7.a(Task.o)
                0x080094a0                pearlrt::Task::suspendFromOtherTask()
 .text._ZN7pearlrt4Task11restartTaskEv
                0x08009530       0x1c /usr/local/lib/libOpenPEARLstm32f7.a(Task.o)
                0x08009530                pearlrt::Task::restartTask()
 .text._ZN7pearlrt4Task17restartTaskStaticEPS0_
                0x0800954c        0x4 /usr/local/lib/libOpenPEARLstm32f7.a(Task.o)
                0x0800954c                pearlrt::Task::restartTaskStatic(pearlrt::Task*)
 .text._ZN7pearlrt11TaskMonitorC2Ev
                0x08009550       0x2c /usr/local/lib/libOpenPEARLstm32f7.a(TaskMonitor.o)
                0x08009550                pearlrt::TaskMonitor::TaskMonitor()
                0x08009550                pearlrt::TaskMonitor::TaskMonitor()
 .text._ZN7pearlrt11TaskMonitor15decPendingTasksEv
                0x0800957c       0x3c /usr/local/lib/libOpenPEARLstm32f7.a(TaskMonitor.o)
                0x0800957c                pearlrt::TaskMonitor::decPendingTasks()
 .text._ZN7pearlrt9TaskTimer8isActiveEv
                0x080095b8        0xa /usr/local/lib/libOpenPEARLstm32f7.a(TaskTimer.o)
                0x080095b8                pearlrt::TaskTimer::isActive()
 .text._ZN7pearlrt9TaskTimer5isSetEv
                0x080095c2        0xa /usr/local/lib/libOpenPEARLstm32f7.a(TaskTimer.o)
                0x080095c2                pearlrt::TaskTimer::isSet()
 *fill*         0x080095cc        0x4 
 .text._ZN7pearlrt9TaskTimer3setEiNS_5ClockENS_8DurationES2_S1_S2_
                0x080095d0      0x384 /usr/local/lib/libOpenPEARLstm32f7.a(TaskTimer.o)
                0x080095d0                pearlrt::TaskTimer::set(int, pearlrt::Clock, pearlrt::Duration, pearlrt::Duration, pearlrt::Clock, pearlrt::Duration)
 .text._ZN7pearlrt9TaskTimer5startEv
                0x08009954       0x60 /usr/local/lib/libOpenPEARLstm32f7.a(TaskTimer.o)
                0x08009954                pearlrt::TaskTimer::start()
 .text._ZN7pearlrt9TaskTimerC2Ev
                0x080099b4       0x10 /usr/local/lib/libOpenPEARLstm32f7.a(TaskTimer.o)
                0x080099b4                pearlrt::TaskTimer::TaskTimer()
                0x080099b4                pearlrt::TaskTimer::TaskTimer()
 .text._ZN7pearlrt9TaskTimer6createEPNS_10TaskCommonEiPFvS2_E
                0x080099c4       0x60 /usr/local/lib/libOpenPEARLstm32f7.a(TaskTimer.o)
                0x080099c4                pearlrt::TaskTimer::create(pearlrt::TaskCommon*, int, void (*)(pearlrt::TaskCommon*))
 .text._ZN7pearlrt9TaskTimer4stopEv
                0x08009a24       0x4c /usr/local/lib/libOpenPEARLstm32f7.a(TaskTimer.o)
                0x08009a24                pearlrt::TaskTimer::stop()
 .text._ZN7pearlrt9TaskTimer6updateEv
                0x08009a70       0x1e /usr/local/lib/libOpenPEARLstm32f7.a(TaskTimer.o)
                0x08009a70                pearlrt::TaskTimer::update()
 .text._ZN7pearlrtL21freeRtosTimerCallbackEPv
                0x08009a8e        0x4 /usr/local/lib/libOpenPEARLstm32f7.a(TaskTimer.o)
 .text._ZN7pearlrt9TaskTimer6cancelEv
                0x08009a92        0x8 /usr/local/lib/libOpenPEARLstm32f7.a(TaskTimer.o)
                0x08009a92                pearlrt::TaskTimer::cancel()
 *fill*         0x08009a9a        0x2 
 .text._ZN7pearlrtL6addIntEiRNS_12RefCharacterE
                0x08009a9c       0x50 /usr/local/lib/libOpenPEARLstm32f7.a(Log.o)
 .text._ZN7pearlrt3Log11getInstanceEv
                0x08009aec       0x48 /usr/local/lib/libOpenPEARLstm32f7.a(Log.o)
                0x08009aec                pearlrt::Log::getInstance()
 .text._ZN7pearlrt3Log8doFormatERKNS_9CharacterILj7EEERNS_12RefCharacterEPKcSt9__va_list
                0x08009b34      0x2e4 /usr/local/lib/libOpenPEARLstm32f7.a(Log.o)
                0x08009b34                pearlrt::Log::doFormat(pearlrt::Character<7u> const&, pearlrt::RefCharacter&, char const*, std::__va_list)
 .text._ZN7pearlrt9CharacterILj7EEC2EPKc
                0x08009e18       0x58 /usr/local/lib/libOpenPEARLstm32f7.a(Log.o)
                0x08009e18                pearlrt::Character<7u>::Character(char const*)
                0x08009e18                pearlrt::Character<7u>::Character(char const*)
 .text._ZN7pearlrt3Log4infoEPKcz
                0x08009e70       0x38 /usr/local/lib/libOpenPEARLstm32f7.a(Log.o)
                0x08009e70                pearlrt::Log::info(char const*, ...)
 .text._ZN7pearlrt3Log5errorEPKcz
                0x08009ea8       0x38 /usr/local/lib/libOpenPEARLstm32f7.a(Log.o)
                0x08009ea8                pearlrt::Log::error(char const*, ...)
 .text._ZN7pearlrt3Log4warnEPKcz
                0x08009ee0       0x38 /usr/local/lib/libOpenPEARLstm32f7.a(Log.o)
                0x08009ee0                pearlrt::Log::warn(char const*, ...)
 .text._ZN7pearlrt3Log5debugEPKcz
                0x08009f18       0x38 /usr/local/lib/libOpenPEARLstm32f7.a(Log.o)
                0x08009f18                pearlrt::Log::debug(char const*, ...)
 .text._ZNK7pearlrt5Clock6getSecEv
                0x08009f50       0x28 /usr/local/lib/libOpenPEARLstm32f7.a(Clock.o)
                0x08009f50                pearlrt::Clock::getSec() const
 .text._ZNK7pearlrt5Clock7getUsecEv
                0x08009f78       0x18 /usr/local/lib/libOpenPEARLstm32f7.a(Clock.o)
                0x08009f78                pearlrt::Clock::getUsec() const
 .text._ZN7pearlrt5ClockC2Ev
                0x08009f90       0x20 /usr/local/lib/libOpenPEARLstm32f7.a(Clock.o)
                0x08009f90                pearlrt::Clock::Clock()
                0x08009f90                pearlrt::Clock::Clock()
 .text._ZN7pearlrt5ClockC2Ed
                0x08009fb0       0x7c /usr/local/lib/libOpenPEARLstm32f7.a(Clock.o)
                0x08009fb0                pearlrt::Clock::Clock(double)
                0x08009fb0                pearlrt::Clock::Clock(double)
 *fill*         0x0800a02c        0x4 
 .text._ZN7pearlrt5Clock3nowEv
                0x0800a030       0xb8 /usr/local/lib/libOpenPEARLstm32f7.a(Clock.o)
                0x0800a030                pearlrt::Clock::now()
 .text._ZN7pearlrt5ClockmiERKS0_
                0x0800a0e8       0x38 /usr/local/lib/libOpenPEARLstm32f7.a(Clock.o)
                0x0800a0e8                pearlrt::Clock::operator-(pearlrt::Clock const&)
 .text._ZNK7pearlrt8Duration3getEv
                0x0800a120        0xa /usr/local/lib/libOpenPEARLstm32f7.a(Duration.o)
                0x0800a120                pearlrt::Duration::get() const
 .text._ZN7pearlrt8DurationC2Ev
                0x0800a12a       0x20 /usr/local/lib/libOpenPEARLstm32f7.a(Duration.o)
                0x0800a12a                pearlrt::Duration::Duration()
                0x0800a12a                pearlrt::Duration::Duration()
 *fill*         0x0800a14a        0x2 
 .text._ZNK7pearlrt8Duration6getSecEv
                0x0800a14c       0x14 /usr/local/lib/libOpenPEARLstm32f7.a(Duration.o)
                0x0800a14c                pearlrt::Duration::getSec() const
 .text._ZNK7pearlrt8Duration7getUsecEv
                0x0800a160       0x18 /usr/local/lib/libOpenPEARLstm32f7.a(Duration.o)
                0x0800a160                pearlrt::Duration::getUsec() const
 .text._ZN7pearlrt8DurationC2Ed
                0x0800a178       0xac /usr/local/lib/libOpenPEARLstm32f7.a(Duration.o)
                0x0800a178                pearlrt::Duration::Duration(double)
                0x0800a178                pearlrt::Duration::Duration(double)
 .text._ZN7pearlrt8DurationpLERKS0_
                0x0800a224       0x6c /usr/local/lib/libOpenPEARLstm32f7.a(Duration.o)
                0x0800a224                pearlrt::Duration::operator+=(pearlrt::Duration const&)
 .text._ZN7pearlrt8DurationmIERKS0_
                0x0800a290       0x6c /usr/local/lib/libOpenPEARLstm32f7.a(Duration.o)
                0x0800a290                pearlrt::Duration::operator-=(pearlrt::Duration const&)
 .text._ZNK7pearlrt8DurationmiERKS0_
                0x0800a2fc       0x22 /usr/local/lib/libOpenPEARLstm32f7.a(Duration.o)
                0x0800a2fc                pearlrt::Duration::operator-(pearlrt::Duration const&) const
 *fill*         0x0800a31e        0x2 
 .text._ZN7pearlrt8DurationdVERKS0_
                0x0800a320       0x7c /usr/local/lib/libOpenPEARLstm32f7.a(Duration.o)
                0x0800a320                pearlrt::Duration::operator/=(pearlrt::Duration const&)
 .text._ZNK7pearlrt8DurationdvERKS0_
                0x0800a39c       0x16 /usr/local/lib/libOpenPEARLstm32f7.a(Duration.o)
                0x0800a39c                pearlrt::Duration::operator/(pearlrt::Duration const&) const
 .text._ZNK7pearlrt8DurationltERKS0_
                0x0800a3b2        0xc /usr/local/lib/libOpenPEARLstm32f7.a(Duration.o)
                0x0800a3b2                pearlrt::Duration::operator<(pearlrt::Duration const&) const
 .text._ZNK7pearlrt8DurationleERKS0_
                0x0800a3be       0x10 /usr/local/lib/libOpenPEARLstm32f7.a(Duration.o)
                0x0800a3be                pearlrt::Duration::operator<=(pearlrt::Duration const&) const
 .text._ZN7pearlrt6Signal5whichEv
                0x0800a3ce        0x4 /usr/local/lib/libOpenPEARLstm32f7.a(Signals.o)
                0x0800a3ce                pearlrt::Signal::which()
 *fill*         0x0800a3d2        0x2 
 .text.startup._GLOBAL__sub_I__ZN7pearlrt17theInternalSignalE
                0x0800a3d4      0x444 /usr/local/lib/libOpenPEARLstm32f7.a(Signals.o)
 .text.unlikely._ZN7pearlrt7Fixed63dVERKS0_.part.1
                0x0800a818       0x24 /usr/local/lib/libOpenPEARLstm32f7.a(Fixed63.o)
 .text._ZN7pearlrt7Fixed63C2Ev
                0x0800a83c        0xc /usr/local/lib/libOpenPEARLstm32f7.a(Fixed63.o)
                0x0800a83c                pearlrt::Fixed63::Fixed63()
                0x0800a83c                pearlrt::Fixed63::Fixed63()
 .text._ZN7pearlrt7Fixed63C2Ex
                0x0800a848        0x6 /usr/local/lib/libOpenPEARLstm32f7.a(Fixed63.o)
                0x0800a848                pearlrt::Fixed63::Fixed63(long long)
                0x0800a848                pearlrt::Fixed63::Fixed63(long long)
 *fill*         0x0800a84e        0x2 
 .text._ZN7pearlrt7Fixed63C2Ed
                0x0800a850       0xd8 /usr/local/lib/libOpenPEARLstm32f7.a(Fixed63.o)
                0x0800a850                pearlrt::Fixed63::Fixed63(double)
                0x0800a850                pearlrt::Fixed63::Fixed63(double)
 .text._ZNK7pearlrt7Fixed633getEv
                0x0800a928        0x6 /usr/local/lib/libOpenPEARLstm32f7.a(Fixed63.o)
                0x0800a928                pearlrt::Fixed63::get() const
 *fill*         0x0800a92e        0x2 
 .text._ZN7pearlrt7Fixed63pLERKS0_
                0x0800a930       0x9c /usr/local/lib/libOpenPEARLstm32f7.a(Fixed63.o)
                0x0800a930                pearlrt::Fixed63::operator+=(pearlrt::Fixed63 const&)
 .text._ZN7pearlrt7Fixed63mIERKS0_
                0x0800a9cc       0x68 /usr/local/lib/libOpenPEARLstm32f7.a(Fixed63.o)
                0x0800a9cc                pearlrt::Fixed63::operator-=(pearlrt::Fixed63 const&)
 .text._ZNK7pearlrt7Fixed63miERKS0_
                0x0800aa34       0x18 /usr/local/lib/libOpenPEARLstm32f7.a(Fixed63.o)
                0x0800aa34                pearlrt::Fixed63::operator-(pearlrt::Fixed63 const&) const
 .text._ZNK7pearlrt7Fixed637compareERKS0_
                0x0800aa4c       0x28 /usr/local/lib/libOpenPEARLstm32f7.a(Fixed63.o)
                0x0800aa4c                pearlrt::Fixed63::compare(pearlrt::Fixed63 const&) const
 .text._ZN7pearlrt4PrioC2Ev
                0x0800aa74        0x6 /usr/local/lib/libOpenPEARLstm32f7.a(Prio.o)
                0x0800aa74                pearlrt::Prio::Prio()
                0x0800aa74                pearlrt::Prio::Prio()
 *fill*         0x0800aa7a        0x2 
 .text._ZN7pearlrt4PrioC2ERKNS_5FixedILi15EEE
                0x0800aa7c       0x48 /usr/local/lib/libOpenPEARLstm32f7.a(Prio.o)
                0x0800aa7c                pearlrt::Prio::Prio(pearlrt::Fixed<15> const&)
                0x0800aa7c                pearlrt::Prio::Prio(pearlrt::Fixed<15> const&)
 .text._ZNK7pearlrt4Prio3getEv
                0x0800aac4        0x4 /usr/local/lib/libOpenPEARLstm32f7.a(Prio.o)
                0x0800aac4                pearlrt::Prio::get() const
 .text._ZN7pearlrt12RefCharacter5clearEv
                0x0800aac8        0x6 /usr/local/lib/libOpenPEARLstm32f7.a(RefChar.o)
                0x0800aac8                pearlrt::RefCharacter::clear()
 *fill*         0x0800aace        0x2 
 .text._ZN7pearlrt12RefCharacter10getCstringEv
                0x0800aad0       0x38 /usr/local/lib/libOpenPEARLstm32f7.a(RefChar.o)
                0x0800aad0                pearlrt::RefCharacter::getCstring()
 .text._ZN7pearlrt12RefCharacter3addEc
                0x0800ab08       0x38 /usr/local/lib/libOpenPEARLstm32f7.a(RefChar.o)
                0x0800ab08                pearlrt::RefCharacter::add(char)
 .text._ZN7pearlrt12RefCharacter10getCurrentEv
                0x0800ab40        0x4 /usr/local/lib/libOpenPEARLstm32f7.a(RefChar.o)
                0x0800ab40                pearlrt::RefCharacter::getCurrent()
 .text._ZN7pearlrt11RefCharSink7putCharEc
                0x0800ab44        0x6 /usr/local/lib/libOpenPEARLstm32f7.a(RefCharSink.o)
                0x0800ab44                pearlrt::RefCharSink::putChar(char)
 *fill*         0x0800ab4a        0x2 
 .text._ZN7pearlrt11RefCharSinkC2ERNS_12RefCharacterE
                0x0800ab4c        0xc /usr/local/lib/libOpenPEARLstm32f7.a(RefCharSink.o)
                0x0800ab4c                pearlrt::RefCharSink::RefCharSink(pearlrt::RefCharacter&)
                0x0800ab4c                pearlrt::RefCharSink::RefCharSink(pearlrt::RefCharacter&)
 .text._ZN7pearlrtL6i2sinkEibRNS_4SinkE.constprop.0
                0x0800ab58       0x3c /usr/local/lib/libOpenPEARLstm32f7.a(PutClock.o)
 .text._ZN7pearlrt8PutClock3toTERKNS_5ClockERKNS_5FixedILi31EEES7_RNS_4SinkE
                0x0800ab94      0x13c /usr/local/lib/libOpenPEARLstm32f7.a(PutClock.o)
                0x0800ab94                pearlrt::PutClock::toT(pearlrt::Clock const&, pearlrt::Fixed<31> const&, pearlrt::Fixed<31> const&, pearlrt::Sink&)
 .text._ZN7pearlrt10TaskCommon16scheduleCallbackEb
                0x0800acd0        0x2 /usr/local/lib/libOpenPEARLstm32f7.a(TaskCommon.o)
                0x0800acd0                pearlrt::TaskCommon::scheduleCallback(bool)
 *fill*         0x0800acd2        0x2 
 .text._ZN7pearlrt10TaskCommonC2EPcNS_4PrioENS_9BitStringILi1EEE
                0x0800acd4       0x90 /usr/local/lib/libOpenPEARLstm32f7.a(TaskCommon.o)
                0x0800acd4                pearlrt::TaskCommon::TaskCommon(char*, pearlrt::Prio, pearlrt::BitString<1>)
                0x0800acd4                pearlrt::TaskCommon::TaskCommon(char*, pearlrt::Prio, pearlrt::BitString<1>)
 .text._ZN7pearlrt10TaskCommon7getNameEv
                0x0800ad64        0x4 /usr/local/lib/libOpenPEARLstm32f7.a(TaskCommon.o)
                0x0800ad64                pearlrt::TaskCommon::getName()
 .text._ZN7pearlrt10TaskCommon9getIsMainEv
                0x0800ad68        0x4 /usr/local/lib/libOpenPEARLstm32f7.a(TaskCommon.o)
                0x0800ad68                pearlrt::TaskCommon::getIsMain()
 .text._ZN7pearlrt10TaskCommon7getPrioEv
                0x0800ad6c        0x4 /usr/local/lib/libOpenPEARLstm32f7.a(TaskCommon.o)
                0x0800ad6c                pearlrt::TaskCommon::getPrio()
 .text._ZN7pearlrt10TaskCommon15getLocationFileEv
                0x0800ad70        0x4 /usr/local/lib/libOpenPEARLstm32f7.a(TaskCommon.o)
                0x0800ad70                pearlrt::TaskCommon::getLocationFile()
 .text._ZN7pearlrt10TaskCommon15getLocationLineEv
                0x0800ad74        0x4 /usr/local/lib/libOpenPEARLstm32f7.a(TaskCommon.o)
                0x0800ad74                pearlrt::TaskCommon::getLocationLine()
 .text._ZN7pearlrt10TaskCommon21testScheduleConditionEiNS_8DurationES1_
                0x0800ad78       0xf8 /usr/local/lib/libOpenPEARLstm32f7.a(TaskCommon.o)
                0x0800ad78                pearlrt::TaskCommon::testScheduleCondition(int, pearlrt::Duration, pearlrt::Duration)
 .text._ZN7pearlrt10TaskCommon18getBlockingRequestEPNS_9BlockDataE
                0x0800ae70        0xc /usr/local/lib/libOpenPEARLstm32f7.a(TaskCommon.o)
                0x0800ae70                pearlrt::TaskCommon::getBlockingRequest(pearlrt::BlockData*)
 .text._ZN7pearlrt10TaskCommon7setNextEPS0_
                0x0800ae7c        0x4 /usr/local/lib/libOpenPEARLstm32f7.a(TaskCommon.o)
                0x0800ae7c                pearlrt::TaskCommon::setNext(pearlrt::TaskCommon*)
 .text._ZN7pearlrt10TaskCommon7getNextEv
                0x0800ae80        0x4 /usr/local/lib/libOpenPEARLstm32f7.a(TaskCommon.o)
                0x0800ae80                pearlrt::TaskCommon::getNext()
 .text._ZN7pearlrt10TaskCommon17scheduledActivateEiRNS_5FixedILi15EEERNS_5ClockERNS_8DurationES7_S5_S7_PNS_9InterruptE
                0x0800ae84       0xcc /usr/local/lib/libOpenPEARLstm32f7.a(TaskCommon.o)
                0x0800ae84                pearlrt::TaskCommon::scheduledActivate(int, pearlrt::Fixed<15>&, pearlrt::Clock&, pearlrt::Duration&, pearlrt::Duration&, pearlrt::Clock&, pearlrt::Duration&, pearlrt::Interrupt*)
 .text.startup._GLOBAL__sub_I__ZN7pearlrt10TaskCommonC2EPcNS_4PrioENS_9BitStringILi1EEE
                0x0800af50       0x28 /usr/local/lib/libOpenPEARLstm32f7.a(TaskCommon.o)
 .text._ZN7pearlrt10TaskCommon9mutexLockEv
                0x0800af78       0x1c /usr/local/lib/libOpenPEARLstm32f7.a(TaskCommon.o)
                0x0800af78                pearlrt::TaskCommon::mutexLock()
 .text._ZN7pearlrt10TaskCommon11mutexUnlockEv
                0x0800af94       0x30 /usr/local/lib/libOpenPEARLstm32f7.a(TaskCommon.o)
                0x0800af94                pearlrt::TaskCommon::mutexUnlock()
 .text._ZN7pearlrt10TaskCommon8activateEPS0_iNS_4PrioENS_5ClockENS_8DurationES4_S3_S4_PNS_9InterruptE
                0x0800afc4      0x17c /usr/local/lib/libOpenPEARLstm32f7.a(TaskCommon.o)
                0x0800afc4                pearlrt::TaskCommon::activate(pearlrt::TaskCommon*, int, pearlrt::Prio, pearlrt::Clock, pearlrt::Duration, pearlrt::Duration, pearlrt::Clock, pearlrt::Duration, pearlrt::Interrupt*)
 .text._ZN7pearlrt10TaskCommon9terminateEPS0_
                0x0800b140       0xbc /usr/local/lib/libOpenPEARLstm32f7.a(TaskCommon.o)
                0x0800b140                pearlrt::TaskCommon::terminate(pearlrt::TaskCommon*)
 .text._ZN7pearlrt10TaskCommon6resumeEiNS_5ClockENS_8DurationEPNS_9InterruptE
                0x0800b1fc      0x118 /usr/local/lib/libOpenPEARLstm32f7.a(TaskCommon.o)
                0x0800b1fc                pearlrt::TaskCommon::resume(int, pearlrt::Clock, pearlrt::Duration, pearlrt::Interrupt*)
 .text._ZN7pearlrt10TaskCommon13timedActivateEv
                0x0800b314       0x48 /usr/local/lib/libOpenPEARLstm32f7.a(TaskCommon.o)
                0x0800b314                pearlrt::TaskCommon::timedActivate()
 .text._ZN7pearlrt10TaskCommon15activateHandlerEPS0_
                0x0800b35c        0x4 /usr/local/lib/libOpenPEARLstm32f7.a(TaskCommon.o)
                0x0800b35c                pearlrt::TaskCommon::activateHandler(pearlrt::TaskCommon*)
 .text._ZN7pearlrt10TaskCommon13timedContinueEv
                0x0800b360       0x5c /usr/local/lib/libOpenPEARLstm32f7.a(TaskCommon.o)
                0x0800b360                pearlrt::TaskCommon::timedContinue()
 .text._ZN7pearlrt10TaskCommon15continueHandlerEPS0_
                0x0800b3bc        0x4 /usr/local/lib/libOpenPEARLstm32f7.a(TaskCommon.o)
                0x0800b3bc                pearlrt::TaskCommon::continueHandler(pearlrt::TaskCommon*)
 .text._ZN7pearlrt10TaskCommon17triggeredContinueEv
                0x0800b3c0       0x88 /usr/local/lib/libOpenPEARLstm32f7.a(TaskCommon.o)
                0x0800b3c0                pearlrt::TaskCommon::triggeredContinue()
 .text._ZN7pearlrt10TaskCommon17triggeredActivateEv
                0x0800b448       0x88 /usr/local/lib/libOpenPEARLstm32f7.a(TaskCommon.o)
                0x0800b448                pearlrt::TaskCommon::triggeredActivate()
 .text._ZN7pearlrt10TaskCommon7unblockEv
                0x0800b4d0       0x16 /usr/local/lib/libOpenPEARLstm32f7.a(TaskCommon.o)
                0x0800b4d0                pearlrt::TaskCommon::unblock()
 .text._ZN7pearlrt8TaskListD2Ev
                0x0800b4e6       0x10 /usr/local/lib/libOpenPEARLstm32f7.a(TaskList.o)
                0x0800b4e6                pearlrt::TaskList::~TaskList()
                0x0800b4e6                pearlrt::TaskList::~TaskList()
 .text._ZN7pearlrtL11comparePrioEPNS_4TaskES1_
                0x0800b4f6       0x3c /usr/local/lib/libOpenPEARLstm32f7.a(TaskList.o)
 *fill*         0x0800b532        0x2 
 .text._ZN7pearlrt8TaskList8InstanceEv
                0x0800b534       0x44 /usr/local/lib/libOpenPEARLstm32f7.a(TaskList.o)
                0x0800b534                pearlrt::TaskList::Instance()
 .text._ZN7pearlrt8TaskList4sizeEv
                0x0800b578        0x8 /usr/local/lib/libOpenPEARLstm32f7.a(TaskList.o)
                0x0800b578                pearlrt::TaskList::size()
 .text._ZN7pearlrt8TaskList14getTaskByIndexEj
                0x0800b580       0x40 /usr/local/lib/libOpenPEARLstm32f7.a(TaskList.o)
                0x0800b580                pearlrt::TaskList::getTaskByIndex(unsigned int)
 .text._ZN9__gnu_cxx5__ops15_Iter_comp_iterIPFbPN7pearlrt4TaskES4_EEclINS_17__normal_iteratorIPS4_St6vectorIS4_SaIS4_EEEESE_EEbT_T0_
                0x0800b5c0        0xe /usr/local/lib/libOpenPEARLstm32f7.a(TaskList.o)
                0x0800b5c0                bool __gnu_cxx::__ops::_Iter_comp_iter<bool (*)(pearlrt::Task*, pearlrt::Task*)>::operator()<__gnu_cxx::__normal_iterator<pearlrt::Task**, std::vector<pearlrt::Task*, std::allocator<pearlrt::Task*> > >, __gnu_cxx::__normal_iterator<pearlrt::Task**, std::vector<pearlrt::Task*, std::allocator<pearlrt::Task*> > > >(__gnu_cxx::__normal_iterator<pearlrt::Task**, std::vector<pearlrt::Task*, std::allocator<pearlrt::Task*> > >, __gnu_cxx::__normal_iterator<pearlrt::Task**, std::vector<pearlrt::Task*, std::allocator<pearlrt::Task*> > >)
 .text._ZSt22__move_median_to_firstIN9__gnu_cxx17__normal_iteratorIPPN7pearlrt4TaskESt6vectorIS4_SaIS4_EEEENS0_5__ops15_Iter_comp_iterIPFbS4_S4_EEEEvT_SF_SF_SF_T0_
                0x0800b5ce       0x64 /usr/local/lib/libOpenPEARLstm32f7.a(TaskList.o)
                0x0800b5ce                void std::__move_median_to_first<__gnu_cxx::__normal_iterator<pearlrt::Task**, std::vector<pearlrt::Task*, std::allocator<pearlrt::Task*> > >, __gnu_cxx::__ops::_Iter_comp_iter<bool (*)(pearlrt::Task*, pearlrt::Task*)> >(__gnu_cxx::__normal_iterator<pearlrt::Task**, std::vector<pearlrt::Task*, std::allocator<pearlrt::Task*> > >, __gnu_cxx::__normal_iterator<pearlrt::Task**, std::vector<pearlrt::Task*, std::allocator<pearlrt::Task*> > >, __gnu_cxx::__normal_iterator<pearlrt::Task**, std::vector<pearlrt::Task*, std::allocator<pearlrt::Task*> > >, __gnu_cxx::__normal_iterator<pearlrt::Task**, std::vector<pearlrt::Task*, std::allocator<pearlrt::Task*> > >, __gnu_cxx::__ops::_Iter_comp_iter<bool (*)(pearlrt::Task*, pearlrt::Task*)>)
 .text._ZSt25__unguarded_linear_insertIN9__gnu_cxx17__normal_iteratorIPPN7pearlrt4TaskESt6vectorIS4_SaIS4_EEEENS0_5__ops14_Val_comp_iterIPFbS4_S4_EEEEvT_T0_
                0x0800b632       0x1e /usr/local/lib/libOpenPEARLstm32f7.a(TaskList.o)
                0x0800b632                void std::__unguarded_linear_insert<__gnu_cxx::__normal_iterator<pearlrt::Task**, std::vector<pearlrt::Task*, std::allocator<pearlrt::Task*> > >, __gnu_cxx::__ops::_Val_comp_iter<bool (*)(pearlrt::Task*, pearlrt::Task*)> >(__gnu_cxx::__normal_iterator<pearlrt::Task**, std::vector<pearlrt::Task*, std::allocator<pearlrt::Task*> > >, __gnu_cxx::__ops::_Val_comp_iter<bool (*)(pearlrt::Task*, pearlrt::Task*)>)
 .text._ZNSt20__copy_move_backwardILb0ELb1ESt26random_access_iterator_tagE13__copy_move_bIPN7pearlrt4TaskEEEPT_PKS6_S9_S7_
                0x0800b650       0x1c /usr/local/lib/libOpenPEARLstm32f7.a(TaskList.o)
                0x0800b650                pearlrt::Task** std::__copy_move_backward<false, true, std::random_access_iterator_tag>::__copy_move_b<pearlrt::Task*>(pearlrt::Task* const*, pearlrt::Task* const*, pearlrt::Task**)
 .text._ZNSt6vectorIPN7pearlrt4TaskESaIS2_EE13_M_insert_auxEN9__gnu_cxx17__normal_iteratorIPS2_S4_EERKS2_
                0x0800b66c       0xb8 /usr/local/lib/libOpenPEARLstm32f7.a(TaskList.o)
                0x0800b66c                std::vector<pearlrt::Task*, std::allocator<pearlrt::Task*> >::_M_insert_aux(__gnu_cxx::__normal_iterator<pearlrt::Task**, std::vector<pearlrt::Task*, std::allocator<pearlrt::Task*> > >, pearlrt::Task* const&)
 .text._ZN7pearlrt8TaskList3addEPNS_4TaskE
                0x0800b724       0x34 /usr/local/lib/libOpenPEARLstm32f7.a(TaskList.o)
                0x0800b724                pearlrt::TaskList::add(pearlrt::Task*)
 .text._ZSt16__insertion_sortIN9__gnu_cxx17__normal_iteratorIPPN7pearlrt4TaskESt6vectorIS4_SaIS4_EEEENS0_5__ops15_Iter_comp_iterIPFbS4_S4_EEEEvT_SF_T0_
                0x0800b758       0x48 /usr/local/lib/libOpenPEARLstm32f7.a(TaskList.o)
                0x0800b758                void std::__insertion_sort<__gnu_cxx::__normal_iterator<pearlrt::Task**, std::vector<pearlrt::Task*, std::allocator<pearlrt::Task*> > >, __gnu_cxx::__ops::_Iter_comp_iter<bool (*)(pearlrt::Task*, pearlrt::Task*)> >(__gnu_cxx::__normal_iterator<pearlrt::Task**, std::vector<pearlrt::Task*, std::allocator<pearlrt::Task*> > >, __gnu_cxx::__normal_iterator<pearlrt::Task**, std::vector<pearlrt::Task*, std::allocator<pearlrt::Task*> > >, __gnu_cxx::__ops::_Iter_comp_iter<bool (*)(pearlrt::Task*, pearlrt::Task*)>)
 .text._ZSt13__adjust_heapIN9__gnu_cxx17__normal_iteratorIPPN7pearlrt4TaskESt6vectorIS4_SaIS4_EEEEiS4_NS0_5__ops15_Iter_comp_iterIPFbS4_S4_EEEEvT_T0_SG_T1_T2_
                0x0800b7a0       0x9a /usr/local/lib/libOpenPEARLstm32f7.a(TaskList.o)
                0x0800b7a0                void std::__adjust_heap<__gnu_cxx::__normal_iterator<pearlrt::Task**, std::vector<pearlrt::Task*, std::allocator<pearlrt::Task*> > >, int, pearlrt::Task*, __gnu_cxx::__ops::_Iter_comp_iter<bool (*)(pearlrt::Task*, pearlrt::Task*)> >(__gnu_cxx::__normal_iterator<pearlrt::Task**, std::vector<pearlrt::Task*, std::allocator<pearlrt::Task*> > >, int, int, pearlrt::Task*, __gnu_cxx::__ops::_Iter_comp_iter<bool (*)(pearlrt::Task*, pearlrt::Task*)>)
 .text._ZSt16__introsort_loopIN9__gnu_cxx17__normal_iteratorIPPN7pearlrt4TaskESt6vectorIS4_SaIS4_EEEEiNS0_5__ops15_Iter_comp_iterIPFbS4_S4_EEEEvT_SF_T0_T1_
                0x0800b83a       0xc6 /usr/local/lib/libOpenPEARLstm32f7.a(TaskList.o)
                0x0800b83a                void std::__introsort_loop<__gnu_cxx::__normal_iterator<pearlrt::Task**, std::vector<pearlrt::Task*, std::allocator<pearlrt::Task*> > >, int, __gnu_cxx::__ops::_Iter_comp_iter<bool (*)(pearlrt::Task*, pearlrt::Task*)> >(__gnu_cxx::__normal_iterator<pearlrt::Task**, std::vector<pearlrt::Task*, std::allocator<pearlrt::Task*> > >, __gnu_cxx::__normal_iterator<pearlrt::Task**, std::vector<pearlrt::Task*, std::allocator<pearlrt::Task*> > >, int, __gnu_cxx::__ops::_Iter_comp_iter<bool (*)(pearlrt::Task*, pearlrt::Task*)>)
 .text._ZN7pearlrt8TaskList4sortEv
                0x0800b900       0x54 /usr/local/lib/libOpenPEARLstm32f7.a(TaskList.o)
                0x0800b900                pearlrt::TaskList::sort()
 .text._ZN7pearlrt11TaskMonitorD2Ev
                0x0800b954        0xe /usr/local/lib/libOpenPEARLstm32f7.a(TaskMonitor.o)
                0x0800b954                pearlrt::TaskMonitor::~TaskMonitor()
                0x0800b954                pearlrt::TaskMonitor::~TaskMonitor()
 *fill*         0x0800b962        0x2 
 .text._ZN7pearlrt11TaskMonitor8InstanceEv
                0x0800b964       0x48 /usr/local/lib/libOpenPEARLstm32f7.a(TaskMonitor.o)
                0x0800b964                pearlrt::TaskMonitor::Instance()
 .text._ZN7pearlrt11TaskMonitor15incPendingTasksEv
                0x0800b9ac       0x1c /usr/local/lib/libOpenPEARLstm32f7.a(TaskMonitor.o)
                0x0800b9ac                pearlrt::TaskMonitor::incPendingTasks()
 .text._ZN7pearlrt11MutexCommonC2Ev
                0x0800b9c8       0x14 /usr/local/lib/libOpenPEARLstm32f7.a(MutexCommon.o)
                0x0800b9c8                pearlrt::MutexCommon::MutexCommon()
                0x0800b9c8                pearlrt::MutexCommon::MutexCommon()
 .text._ZN7pearlrt11MutexCommon4nameEPKc
                0x0800b9dc        0x4 /usr/local/lib/libOpenPEARLstm32f7.a(MutexCommon.o)
                0x0800b9dc                pearlrt::MutexCommon::name(char const*)
 .text._ZN7pearlrt11CSemaCommonC2Ev
                0x0800b9e0       0x14 /usr/local/lib/libOpenPEARLstm32f7.a(CSemaCommon.o)
                0x0800b9e0                pearlrt::CSemaCommon::CSemaCommon()
                0x0800b9e0                pearlrt::CSemaCommon::CSemaCommon()
 .text._ZN7pearlrt9Semaphore5checkEPNS_9BlockData12BlockReasons9BlockSemaE
                0x0800b9f4       0x30 /usr/local/lib/libOpenPEARLstm32f7.a(Semaphore.o)
                0x0800b9f4                pearlrt::Semaphore::check(pearlrt::BlockData::BlockReasons::BlockSema*)
 .text._ZN7pearlrt9Semaphore19removeFromWaitQueueEPNS_10TaskCommonE
                0x0800ba24        0xc /usr/local/lib/libOpenPEARLstm32f7.a(Semaphore.o)
                0x0800ba24                pearlrt::Semaphore::removeFromWaitQueue(pearlrt::TaskCommon*)
 .text._ZN7pearlrt9Semaphore14addToWaitQueueEPNS_10TaskCommonE
                0x0800ba30       0x5c /usr/local/lib/libOpenPEARLstm32f7.a(Semaphore.o)
                0x0800ba30                pearlrt::Semaphore::addToWaitQueue(pearlrt::TaskCommon*)
 .text._ZN7pearlrt9Semaphore15updateWaitQueueEPNS_10TaskCommonE
                0x0800ba8c       0x20 /usr/local/lib/libOpenPEARLstm32f7.a(Semaphore.o)
                0x0800ba8c                pearlrt::Semaphore::updateWaitQueue(pearlrt::TaskCommon*)
 .text.startup._GLOBAL__sub_I__ZN7pearlrt9Semaphore7waitersE
                0x0800baac        0xc /usr/local/lib/libOpenPEARLstm32f7.a(Semaphore.o)
 .text._ZN7pearlrt13PriorityQueueC2Ev
                0x0800bab8        0x6 /usr/local/lib/libOpenPEARLstm32f7.a(PriorityQueue.o)
                0x0800bab8                pearlrt::PriorityQueue::PriorityQueue()
                0x0800bab8                pearlrt::PriorityQueue::PriorityQueue()
 .text._ZN7pearlrt13PriorityQueue6removeEPNS_10TaskCommonE
                0x0800babe       0x48 /usr/local/lib/libOpenPEARLstm32f7.a(PriorityQueue.o)
                0x0800babe                pearlrt::PriorityQueue::remove(pearlrt::TaskCommon*)
 *fill*         0x0800bb06        0x2 
 .text._ZN7pearlrt5FixedILi15EEC2El
                0x0800bb08       0x34 /usr/local/lib/libOpenPEARLstm32f7.a(PriorityQueue.o)
                0x0800bb08                pearlrt::Fixed<15>::Fixed(long)
                0x0800bb08                pearlrt::Fixed<15>::Fixed(long)
 .text._ZN7pearlrt13PriorityQueue6insertEPNS_10TaskCommonE
                0x0800bb3c       0xb4 /usr/local/lib/libOpenPEARLstm32f7.a(PriorityQueue.o)
                0x0800bb3c                pearlrt::PriorityQueue::insert(pearlrt::TaskCommon*)
 .text._ZN7pearlrt11FloatHelper15testFloatResultEd
                0x0800bbf0       0x7c /usr/local/lib/libOpenPEARLstm32f7.a(FloatHelper.o)
                0x0800bbf0                pearlrt::FloatHelper::testFloatResult(double)
 .text.prvIdleTask
                0x0800bc6c       0x18 /usr/local/lib/libOpenPEARLstm32f7.a(tasks.o)
 .text.prvResetNextTaskUnblockTime
                0x0800bc84       0x24 /usr/local/lib/libOpenPEARLstm32f7.a(tasks.o)
 .text.prvTaskIsTaskSuspended
                0x0800bca8       0x38 /usr/local/lib/libOpenPEARLstm32f7.a(tasks.o)
 .text.prvAddCurrentTaskToDelayedList
                0x0800bce0       0x50 /usr/local/lib/libOpenPEARLstm32f7.a(tasks.o)
 .text.xTaskGenericCreate
                0x0800bd30      0x1a4 /usr/local/lib/libOpenPEARLstm32f7.a(tasks.o)
                0x0800bd30                xTaskGenericCreate
 .text.vTaskDelete
                0x0800bed4       0x6c /usr/local/lib/libOpenPEARLstm32f7.a(tasks.o)
                0x0800bed4                vTaskDelete
 .text.uxTaskPriorityGet
                0x0800bf40       0x1c /usr/local/lib/libOpenPEARLstm32f7.a(tasks.o)
                0x0800bf40                uxTaskPriorityGet
 .text.vTaskPrioritySet
                0x0800bf5c       0xb8 /usr/local/lib/libOpenPEARLstm32f7.a(tasks.o)
                0x0800bf5c                vTaskPrioritySet
 .text.vTaskResume
                0x0800c014       0x78 /usr/local/lib/libOpenPEARLstm32f7.a(tasks.o)
                0x0800c014                vTaskResume
 .text.vTaskStartScheduler
                0x0800c08c       0x68 /usr/local/lib/libOpenPEARLstm32f7.a(tasks.o)
                0x0800c08c                vTaskStartScheduler
 .text.vTaskSuspendAll
                0x0800c0f4       0x10 /usr/local/lib/libOpenPEARLstm32f7.a(tasks.o)
                0x0800c0f4                vTaskSuspendAll
 .text.pcTaskGetTaskName
                0x0800c104       0x24 /usr/local/lib/libOpenPEARLstm32f7.a(tasks.o)
                0x0800c104                pcTaskGetTaskName
 .text.xTaskIncrementTick
                0x0800c128      0x134 /usr/local/lib/libOpenPEARLstm32f7.a(tasks.o)
                0x0800c128                xTaskIncrementTick
 .text.xTaskResumeAll
                0x0800c25c       0xd4 /usr/local/lib/libOpenPEARLstm32f7.a(tasks.o)
                0x0800c25c                xTaskResumeAll
 .text.vTaskSwitchContext
                0x0800c330       0x94 /usr/local/lib/libOpenPEARLstm32f7.a(tasks.o)
                0x0800c330                vTaskSwitchContext
 .text.vTaskSuspend
                0x0800c3c4       0x98 /usr/local/lib/libOpenPEARLstm32f7.a(tasks.o)
                0x0800c3c4                vTaskSuspend
 .text.vTaskPlaceOnEventList
                0x0800c45c       0x58 /usr/local/lib/libOpenPEARLstm32f7.a(tasks.o)
                0x0800c45c                vTaskPlaceOnEventList
 .text.xTaskRemoveFromEventList
                0x0800c4b4       0x80 /usr/local/lib/libOpenPEARLstm32f7.a(tasks.o)
                0x0800c4b4                xTaskRemoveFromEventList
 .text.vTaskSetTimeOutState
                0x0800c534       0x2c /usr/local/lib/libOpenPEARLstm32f7.a(tasks.o)
                0x0800c534                vTaskSetTimeOutState
 .text.xTaskCheckForTimeOut
                0x0800c560       0x68 /usr/local/lib/libOpenPEARLstm32f7.a(tasks.o)
                0x0800c560                xTaskCheckForTimeOut
 .text.vTaskMissedYield
                0x0800c5c8        0xc /usr/local/lib/libOpenPEARLstm32f7.a(tasks.o)
                0x0800c5c8                vTaskMissedYield
 .text.uxTaskGetStackHighWaterMark
                0x0800c5d4       0x20 /usr/local/lib/libOpenPEARLstm32f7.a(tasks.o)
                0x0800c5d4                uxTaskGetStackHighWaterMark
 .text.xTaskGetSchedulerState
                0x0800c5f4       0x20 /usr/local/lib/libOpenPEARLstm32f7.a(tasks.o)
                0x0800c5f4                xTaskGetSchedulerState
 .text.vTaskPriorityInherit
                0x0800c614       0x70 /usr/local/lib/libOpenPEARLstm32f7.a(tasks.o)
                0x0800c614                vTaskPriorityInherit
 .text.xTaskPriorityDisinherit
                0x0800c684       0x7c /usr/local/lib/libOpenPEARLstm32f7.a(tasks.o)
                0x0800c684                xTaskPriorityDisinherit
 .text.pvTaskIncrementMutexHeldCount
                0x0800c700       0x18 /usr/local/lib/libOpenPEARLstm32f7.a(tasks.o)
                0x0800c700                pvTaskIncrementMutexHeldCount
 .text.uxTaskGetCurrentFreeStack
                0x0800c718       0x18 /usr/local/lib/libOpenPEARLstm32f7.a(tasks.o)
                0x0800c718                uxTaskGetCurrentFreeStack
 .text.vListInitialise
                0x0800c730       0x16 /usr/local/lib/libOpenPEARLstm32f7.a(list.o)
                0x0800c730                vListInitialise
 .text.vListInitialiseItem
                0x0800c746        0x6 /usr/local/lib/libOpenPEARLstm32f7.a(list.o)
                0x0800c746                vListInitialiseItem
 .text.vListInsertEnd
                0x0800c74c       0x18 /usr/local/lib/libOpenPEARLstm32f7.a(list.o)
                0x0800c74c                vListInsertEnd
 .text.vListInsert
                0x0800c764       0x30 /usr/local/lib/libOpenPEARLstm32f7.a(list.o)
                0x0800c764                vListInsert
 .text.uxListRemove
                0x0800c794       0x20 /usr/local/lib/libOpenPEARLstm32f7.a(list.o)
                0x0800c794                uxListRemove
 .text.prvCopyDataToQueue
                0x0800c7b4       0x6a /usr/local/lib/libOpenPEARLstm32f7.a(queue.o)
 .text.prvCopyDataFromQueue
                0x0800c81e       0x26 /usr/local/lib/libOpenPEARLstm32f7.a(queue.o)
 .text.prvUnlockQueue
                0x0800c844       0x68 /usr/local/lib/libOpenPEARLstm32f7.a(queue.o)
 .text.xQueueGenericReset
                0x0800c8ac       0x6c /usr/local/lib/libOpenPEARLstm32f7.a(queue.o)
                0x0800c8ac                xQueueGenericReset
 .text.xQueueGenericCreate
                0x0800c918       0x54 /usr/local/lib/libOpenPEARLstm32f7.a(queue.o)
                0x0800c918                xQueueGenericCreate
 .text.xQueueCreateCountingSemaphore
                0x0800c96c       0x44 /usr/local/lib/libOpenPEARLstm32f7.a(queue.o)
                0x0800c96c                xQueueCreateCountingSemaphore
 .text.xQueueGenericSend
                0x0800c9b0      0x138 /usr/local/lib/libOpenPEARLstm32f7.a(queue.o)
                0x0800c9b0                xQueueGenericSend
 .text.xQueueCreateMutex
                0x0800cae8       0x5c /usr/local/lib/libOpenPEARLstm32f7.a(queue.o)
                0x0800cae8                xQueueCreateMutex
 .text.xQueueGenericSendFromISR
                0x0800cb44       0xa0 /usr/local/lib/libOpenPEARLstm32f7.a(queue.o)
                0x0800cb44                xQueueGenericSendFromISR
 .text.xQueueGenericReceive
                0x0800cbe4      0x14c /usr/local/lib/libOpenPEARLstm32f7.a(queue.o)
                0x0800cbe4                xQueueGenericReceive
 .text.vQueueUnregisterQueue
                0x0800cd30       0x24 /usr/local/lib/libOpenPEARLstm32f7.a(queue.o)
                0x0800cd30                vQueueUnregisterQueue
 .text.vQueueDelete
                0x0800cd54       0x24 /usr/local/lib/libOpenPEARLstm32f7.a(queue.o)
                0x0800cd54                vQueueDelete
 .text.prvPortStartFirstTask
                0x0800cd78       0x20 /usr/local/lib/libOpenPEARLstm32f7.a(port.o)
 .text.pxPortInitialiseStack
                0x0800cd98       0x18 /usr/local/lib/libOpenPEARLstm32f7.a(port.o)
                0x0800cd98                pxPortInitialiseStack
 .text.vPortYield
                0x0800cdb0       0x18 /usr/local/lib/libOpenPEARLstm32f7.a(port.o)
                0x0800cdb0                vPortYield
 .text.ulPortSetInterruptMask
                0x0800cdc8       0x10 /usr/local/lib/libOpenPEARLstm32f7.a(port.o)
                0x0800cdc8                ulPortSetInterruptMask
 .text.prvTaskExitError
                0x0800cdd8       0x20 /usr/local/lib/libOpenPEARLstm32f7.a(port.o)
 .text.vPortEnterCritical
                0x0800cdf8       0x40 /usr/local/lib/libOpenPEARLstm32f7.a(port.o)
                0x0800cdf8                vPortEnterCritical
 .text.vPortClearInterruptMask
                0x0800ce38        0x6 /usr/local/lib/libOpenPEARLstm32f7.a(port.o)
                0x0800ce38                vPortClearInterruptMask
 *fill*         0x0800ce3e        0x2 
 .text.vPortExitCritical
                0x0800ce40       0x2c /usr/local/lib/libOpenPEARLstm32f7.a(port.o)
                0x0800ce40                vPortExitCritical
 .text.vPortSetupTimerInterrupt
                0x0800ce6c       0x18 /usr/local/lib/libOpenPEARLstm32f7.a(port.o)
                0x0800ce6c                vPortSetupTimerInterrupt
 .text.xPortStartScheduler
                0x0800ce84       0x94 /usr/local/lib/libOpenPEARLstm32f7.a(port.o)
                0x0800ce84                xPortStartScheduler
 .text.vPortValidateInterruptPriority
                0x0800cf18       0x54 /usr/local/lib/libOpenPEARLstm32f7.a(port.o)
                0x0800cf18                vPortValidateInterruptPriority
 .text.vAssertCalled
                0x0800cf6c       0x10 /usr/local/lib/libOpenPEARLstm32f7.a(assert.o)
                0x0800cf6c                vAssertCalled
 .text.clock_gettime_cb_notready
                0x0800cf7c        0xa /usr/local/lib/libOpenPEARLstm32f7.a(clock.o)
 *fill*         0x0800cf86        0x2 
 .text.set_clock_gettime_cb
                0x0800cf88        0xc /usr/local/lib/libOpenPEARLstm32f7.a(clock.o)
                0x0800cf88                set_clock_gettime_cb
 .text.clock_gettime_nsec
                0x0800cf94        0xc /usr/local/lib/libOpenPEARLstm32f7.a(clock.o)
                0x0800cf94                clock_gettime_nsec
 .text.localtime
                0x0800cfa0       0x14 /usr/local/lib/libOpenPEARLstm32f7.a(clock.o)
                0x0800cfa0                localtime
 *fill*         0x0800cfb4        0x4 
 .text.clock_gettime
                0x0800cfb8       0x44 /usr/local/lib/libOpenPEARLstm32f7.a(clock.o)
                0x0800cfb8                clock_gettime
 .text.gettimeofday
                0x0800cffc       0x2a /usr/local/lib/libOpenPEARLstm32f7.a(clock.o)
                0x0800cffc                gettimeofday
 *fill*         0x0800d026        0x2 
 .text._ZN7pearlrt13FreeRTOSClock10setTimeOutEy
                0x0800d028       0x3c /usr/local/lib/libOpenPEARLstm32f7.a(FreeRTOSClock.o)
                0x0800d028                pearlrt::FreeRTOSClock::setTimeOut(unsigned long long)
 .text._ZN7pearlrt13FreeRTOSClock7gettimeEPy
                0x0800d064       0x10 /usr/local/lib/libOpenPEARLstm32f7.a(FreeRTOSClock.o)
                0x0800d064                pearlrt::FreeRTOSClock::gettime(unsigned long long*)
 .text._ZN7pearlrt13FreeRTOSClock3setEPK2tm
                0x0800d074       0x34 /usr/local/lib/libOpenPEARLstm32f7.a(FreeRTOSClock.o)
                0x0800d074                pearlrt::FreeRTOSClock::set(tm const*)
 .text._ZN7pearlrt13FreeRTOSClock16registerTimeBaseEv
                0x0800d0a8       0x10 /usr/local/lib/libOpenPEARLstm32f7.a(FreeRTOSClock.o)
                0x0800d0a8                pearlrt::FreeRTOSClock::registerTimeBase()
 .text._ZN7pearlrt13FreeRTOSClock4tickEv
                0x0800d0b8       0x38 /usr/local/lib/libOpenPEARLstm32f7.a(FreeRTOSClock.o)
                0x0800d0b8                pearlrt::FreeRTOSClock::tick()
 .text.selectFreeRTOSClock
                0x0800d0f0        0x4 /usr/local/lib/libOpenPEARLstm32f7.a(FreeRTOSClock.o)
                0x0800d0f0                selectFreeRTOSClock
 .text.vApplicationStackOverflowHook
                0x0800d0f4       0x20 /usr/local/lib/libOpenPEARLstm32f7.a(FreeRTOSHooks.o)
                0x0800d0f4                vApplicationStackOverflowHook
 .text.vApplicationMallocFailedHook
                0x0800d114       0x20 /usr/local/lib/libOpenPEARLstm32f7.a(FreeRTOSHooks.o)
                0x0800d114                vApplicationMallocFailedHook
 .text.insert_timer_into_active_list
                0x0800d134       0x94 /usr/local/lib/libOpenPEARLstm32f7.a(timer.o)
 .text.timerspecOk
                0x0800d1c8       0x28 /usr/local/lib/libOpenPEARLstm32f7.a(timer.o)
 .text.remove_timer_from_active_list
                0x0800d1f0       0x60 /usr/local/lib/libOpenPEARLstm32f7.a(timer.o)
 .text.timer_init_if_necessary
                0x0800d250       0x68 /usr/local/lib/libOpenPEARLstm32f7.a(timer.o)
 .text.register_timer_source
                0x0800d2b8       0x10 /usr/local/lib/libOpenPEARLstm32f7.a(timer.o)
                0x0800d2b8                register_timer_source
 .text.timer_create
                0x0800d2c8       0x44 /usr/local/lib/libOpenPEARLstm32f7.a(timer.o)
                0x0800d2c8                timer_create
 .text.resume_timer_task_from_ISR
                0x0800d30c        0xc /usr/local/lib/libOpenPEARLstm32f7.a(timer.o)
                0x0800d30c                resume_timer_task_from_ISR
 .text.retrigger_timer
                0x0800d318       0x5c /usr/local/lib/libOpenPEARLstm32f7.a(timer.o)
 *fill*         0x0800d374        0x4 
 .text.timer_settime
                0x0800d378       0xf4 /usr/local/lib/libOpenPEARLstm32f7.a(timer.o)
                0x0800d378                timer_settime
 .text.timerJob
                0x0800d46c       0x90 /usr/local/lib/libOpenPEARLstm32f7.a(timer.o)
 .text.serviceTask
                0x0800d4fc       0x60 /usr/local/lib/libOpenPEARLstm32f7.a(service.o)
 .text.init_service
                0x0800d55c       0x5c /usr/local/lib/libOpenPEARLstm32f7.a(service.o)
                0x0800d55c                init_service
 .text.add_service_from_ISR
                0x0800d5b8       0x40 /usr/local/lib/libOpenPEARLstm32f7.a(service.o)
                0x0800d5b8                add_service_from_ISR
 .text.add_service
                0x0800d5f8       0x38 /usr/local/lib/libOpenPEARLstm32f7.a(service.o)
                0x0800d5f8                add_service
 .text.pvPortMalloc
                0x0800d630       0xe0 /usr/local/lib/libOpenPEARLstm32f7.a(heap_1_2.o)
                0x0800d630                pvPortMalloc
 .text.vPortFree
                0x0800d710       0x44 /usr/local/lib/libOpenPEARLstm32f7.a(heap_1_2.o)
                0x0800d710                vPortFree
 .text.xPortGetFreeHeapSize
                0x0800d754        0xc /usr/local/lib/libOpenPEARLstm32f7.a(heap_1_2.o)
                0x0800d754                xPortGetFreeHeapSize
 .text._ZN7pearlrt3LogC2Ev
                0x0800d760       0x88 /usr/local/lib/libOpenPEARLstm32f7.a(Log.o)
                0x0800d760                pearlrt::Log::Log()
                0x0800d760                pearlrt::Log::Log()
 .text.startup._GLOBAL__sub_I__ZN7pearlrt3LogC2Ev
                0x0800d7e8       0x24 /usr/local/lib/libOpenPEARLstm32f7.a(Log.o)
 .text._ZN7pearlrtL8doitSyncERKNS_9CharacterILj7EEEPKcSt9__va_list
                0x0800d80c       0xa4 /usr/local/lib/libOpenPEARLstm32f7.a(Log.o)
 .text._ZN7pearlrtL7logTaskEPv
                0x0800d8b0       0x50 /usr/local/lib/libOpenPEARLstm32f7.a(Log.o)
 .text._ZN7pearlrt3Log4doitERKNS_9CharacterILj7EEEPKcSt9__va_list
                0x0800d900       0x9c /usr/local/lib/libOpenPEARLstm32f7.a(Log.o)
                0x0800d900                pearlrt::Log::doit(pearlrt::Character<7u> const&, char const*, std::__va_list)
 .text._ZN7pearlrt5Mutex4lockEv
                0x0800d99c       0x24 /usr/local/lib/libOpenPEARLstm32f7.a(Mutex.o)
                0x0800d99c                pearlrt::Mutex::lock()
 .text._ZN7pearlrt5Mutex6unlockEv
                0x0800d9c0       0x24 /usr/local/lib/libOpenPEARLstm32f7.a(Mutex.o)
                0x0800d9c0                pearlrt::Mutex::unlock()
 .text._ZN7pearlrt5MutexC2Ev
                0x0800d9e4       0x28 /usr/local/lib/libOpenPEARLstm32f7.a(Mutex.o)
                0x0800d9e4                pearlrt::Mutex::Mutex()
                0x0800d9e4                pearlrt::Mutex::Mutex()
 .text._ZN7pearlrt5MutexD2Ev
                0x0800da0c       0x18 /usr/local/lib/libOpenPEARLstm32f7.a(Mutex.o)
                0x0800da0c                pearlrt::Mutex::~Mutex()
                0x0800da0c                pearlrt::Mutex::~Mutex()
 .text._ZN7pearlrt10PrioMapper11getInstanceEv
                0x0800da24       0x24 /usr/local/lib/libOpenPEARLstm32f7.a(PrioMapper.o)
                0x0800da24                pearlrt::PrioMapper::getInstance()
 .text._ZN7pearlrt10PrioMapper9fromPearlENS_5FixedILi15EEE
                0x0800da48        0x8 /usr/local/lib/libOpenPEARLstm32f7.a(PrioMapper.o)
                0x0800da48                pearlrt::PrioMapper::fromPearl(pearlrt::Fixed<15>)
 .text._ZN7pearlrt9Interrupt16registerActivateEPNS_13TaskWhenLinksEPS2_
                0x0800da50        0x8 /usr/local/lib/libOpenPEARLstm32f7.a(Interrupt.o)
                0x0800da50                pearlrt::Interrupt::registerActivate(pearlrt::TaskWhenLinks*, pearlrt::TaskWhenLinks**)
 .text._ZN7pearlrt9Interrupt18unregisterActivateEPNS_13TaskWhenLinksE
                0x0800da58       0x38 /usr/local/lib/libOpenPEARLstm32f7.a(Interrupt.o)
                0x0800da58                pearlrt::Interrupt::unregisterActivate(pearlrt::TaskWhenLinks*)
 .text._ZN7pearlrt9Interrupt18unregisterContinueEPNS_13TaskWhenLinksE
                0x0800da90       0x38 /usr/local/lib/libOpenPEARLstm32f7.a(Interrupt.o)
                0x0800da90                pearlrt::Interrupt::unregisterContinue(pearlrt::TaskWhenLinks*)
 .text._ZN7pearlrt13TaskWhenLinks15getNextContinueEv
                0x0800dac8        0x4 /usr/local/lib/libOpenPEARLstm32f7.a(TaskWhenLinks.o)
                0x0800dac8                pearlrt::TaskWhenLinks::getNextContinue()
 .text._ZN7pearlrt13TaskWhenLinks15setNextContinueEPS0_
                0x0800dacc        0x4 /usr/local/lib/libOpenPEARLstm32f7.a(TaskWhenLinks.o)
                0x0800dacc                pearlrt::TaskWhenLinks::setNextContinue(pearlrt::TaskWhenLinks*)
 .text._ZN7pearlrt13TaskWhenLinks15getNextActivateEv
                0x0800dad0        0x4 /usr/local/lib/libOpenPEARLstm32f7.a(TaskWhenLinks.o)
                0x0800dad0                pearlrt::TaskWhenLinks::getNextActivate()
 .text._ZN7pearlrt13TaskWhenLinks15setNextActivateEPS0_
                0x0800dad4        0x4 /usr/local/lib/libOpenPEARLstm32f7.a(TaskWhenLinks.o)
                0x0800dad4                pearlrt::TaskWhenLinks::setNextActivate(pearlrt::TaskWhenLinks*)
 .text.__aeabi_atexit
                0x0800dad8        0xc /opt/gcc-arm-none-eabi-5_4-2016q3/bin/../lib/gcc/arm-none-eabi/5.4.1/../../../../arm-none-eabi/lib/armv7e-m/libstdc++.a(atexit_arm.o)
                0x0800dad8                __aeabi_atexit
 .text._ZdlPv   0x0800dae4        0x4 /opt/gcc-arm-none-eabi-5_4-2016q3/bin/../lib/gcc/arm-none-eabi/5.4.1/../../../../arm-none-eabi/lib/armv7e-m/libstdc++.a(del_op.o)
                0x0800dae4                operator delete(void*)
 .text.__cxa_begin_catch
                0x0800dae8       0x8c /opt/gcc-arm-none-eabi-5_4-2016q3/bin/../lib/gcc/arm-none-eabi/5.4.1/../../../../arm-none-eabi/lib/armv7e-m/libstdc++.a(eh_catch.o)
                0x0800dae8                __cxa_begin_catch
 .text.__cxa_end_catch
                0x0800db74       0x8c /opt/gcc-arm-none-eabi-5_4-2016q3/bin/../lib/gcc/arm-none-eabi/5.4.1/../../../../arm-none-eabi/lib/armv7e-m/libstdc++.a(eh_catch.o)
                0x0800db74                __cxa_end_catch
 .text._ZN10__cxxabiv120__si_class_type_infoD2Ev
                0x0800dc00       0x14 /opt/gcc-arm-none-eabi-5_4-2016q3/bin/../lib/gcc/arm-none-eabi/5.4.1/../../../../arm-none-eabi/lib/armv7e-m/libstdc++.a(si_class_type_info.o)
                0x0800dc00                __cxxabiv1::__si_class_type_info::~__si_class_type_info()
                0x0800dc00                __cxxabiv1::__si_class_type_info::~__si_class_type_info()
 .text._ZN10__cxxabiv120__si_class_type_infoD0Ev
                0x0800dc14       0x1c /opt/gcc-arm-none-eabi-5_4-2016q3/bin/../lib/gcc/arm-none-eabi/5.4.1/../../../../arm-none-eabi/lib/armv7e-m/libstdc++.a(si_class_type_info.o)
                0x0800dc14                __cxxabiv1::__si_class_type_info::~__si_class_type_info()
 .text._ZNK10__cxxabiv120__si_class_type_info12__do_dyncastEiNS_17__class_type_info10__sub_kindEPKS1_PKvS4_S6_RNS1_16__dyncast_resultE
                0x0800dc30       0x90 /opt/gcc-arm-none-eabi-5_4-2016q3/bin/../lib/gcc/arm-none-eabi/5.4.1/../../../../arm-none-eabi/lib/armv7e-m/libstdc++.a(si_class_type_info.o)
                0x0800dc30                __cxxabiv1::__si_class_type_info::__do_dyncast(int, __cxxabiv1::__class_type_info::__sub_kind, __cxxabiv1::__class_type_info const*, void const*, __cxxabiv1::__class_type_info const*, void const*, __cxxabiv1::__class_type_info::__dyncast_result&) const
 .text._ZNK10__cxxabiv120__si_class_type_info20__do_find_public_srcEiPKvPKNS_17__class_type_infoES2_
                0x0800dcc0       0x3c /opt/gcc-arm-none-eabi-5_4-2016q3/bin/../lib/gcc/arm-none-eabi/5.4.1/../../../../arm-none-eabi/lib/armv7e-m/libstdc++.a(si_class_type_info.o)
                0x0800dcc0                __cxxabiv1::__si_class_type_info::__do_find_public_src(int, void const*, __cxxabiv1::__class_type_info const*, void const*) const
 .text._ZNK10__cxxabiv120__si_class_type_info11__do_upcastEPKNS_17__class_type_infoEPKvRNS1_15__upcast_resultE
                0x0800dcfc       0x2c /opt/gcc-arm-none-eabi-5_4-2016q3/bin/../lib/gcc/arm-none-eabi/5.4.1/../../../../arm-none-eabi/lib/armv7e-m/libstdc++.a(si_class_type_info.o)
                0x0800dcfc                __cxxabiv1::__si_class_type_info::__do_upcast(__cxxabiv1::__class_type_info const*, void const*, __cxxabiv1::__class_type_info::__upcast_result&) const
 .text._ZL23__gxx_exception_cleanup19_Unwind_Reason_CodeP21_Unwind_Control_Block
                0x0800dd28       0x44 /opt/gcc-arm-none-eabi-5_4-2016q3/bin/../lib/gcc/arm-none-eabi/5.4.1/../../../../arm-none-eabi/lib/armv7e-m/libstdc++.a(eh_throw.o)
 .text.__cxa_throw
                0x0800dd6c       0x7c /opt/gcc-arm-none-eabi-5_4-2016q3/bin/../lib/gcc/arm-none-eabi/5.4.1/../../../../arm-none-eabi/lib/armv7e-m/libstdc++.a(eh_throw.o)
                0x0800dd6c                __cxa_throw
 .text.__cxa_rethrow
                0x0800dde8       0x70 /opt/gcc-arm-none-eabi-5_4-2016q3/bin/../lib/gcc/arm-none-eabi/5.4.1/../../../../arm-none-eabi/lib/armv7e-m/libstdc++.a(eh_throw.o)
                0x0800dde8                __cxa_rethrow
 .text._ZL28read_encoded_value_with_basehjPKhPj
                0x0800de58       0xc0 /opt/gcc-arm-none-eabi-5_4-2016q3/bin/../lib/gcc/arm-none-eabi/5.4.1/../../../../arm-none-eabi/lib/armv7e-m/libstdc++.a(eh_personality.o)
 .text._ZL21base_of_encoded_valuehP15_Unwind_Context
                0x0800df18       0x4c /opt/gcc-arm-none-eabi-5_4-2016q3/bin/../lib/gcc/arm-none-eabi/5.4.1/../../../../arm-none-eabi/lib/armv7e-m/libstdc++.a(eh_personality.o)
 .text._ZL17parse_lsda_headerP15_Unwind_ContextPKhP16lsda_header_info
                0x0800df64       0x98 /opt/gcc-arm-none-eabi-5_4-2016q3/bin/../lib/gcc/arm-none-eabi/5.4.1/../../../../arm-none-eabi/lib/armv7e-m/libstdc++.a(eh_personality.o)
 .text.__gxx_personality_v0
                0x0800dffc      0x4b4 /opt/gcc-arm-none-eabi-5_4-2016q3/bin/../lib/gcc/arm-none-eabi/5.4.1/../../../../arm-none-eabi/lib/armv7e-m/libstdc++.a(eh_personality.o)
                0x0800dffc                __gxx_personality_v0
 .text._Znwj    0x0800e4b0       0x3c /opt/gcc-arm-none-eabi-5_4-2016q3/bin/../lib/gcc/arm-none-eabi/5.4.1/../../../../arm-none-eabi/lib/armv7e-m/libstdc++.a(new_op.o)
                0x0800e4b0                operator new(unsigned int)
 .text.__cxa_get_globals_fast
                0x0800e4ec        0x8 /opt/gcc-arm-none-eabi-5_4-2016q3/bin/../lib/gcc/arm-none-eabi/5.4.1/../../../../arm-none-eabi/lib/armv7e-m/libstdc++.a(eh_globals.o)
                0x0800e4ec                __cxa_get_globals_fast
 .text.__cxa_get_globals
                0x0800e4f4        0x8 /opt/gcc-arm-none-eabi-5_4-2016q3/bin/../lib/gcc/arm-none-eabi/5.4.1/../../../../arm-none-eabi/lib/armv7e-m/libstdc++.a(eh_globals.o)
                0x0800e4f4                __cxa_get_globals
 .text._ZNKSt9bad_alloc4whatEv
                0x0800e4fc        0x8 /opt/gcc-arm-none-eabi-5_4-2016q3/bin/../lib/gcc/arm-none-eabi/5.4.1/../../../../arm-none-eabi/lib/armv7e-m/libstdc++.a(bad_alloc.o)
                0x0800e4fc                std::bad_alloc::what() const
 .text._ZNSt9bad_allocD2Ev
                0x0800e504       0x14 /opt/gcc-arm-none-eabi-5_4-2016q3/bin/../lib/gcc/arm-none-eabi/5.4.1/../../../../arm-none-eabi/lib/armv7e-m/libstdc++.a(bad_alloc.o)
                0x0800e504                std::bad_alloc::~bad_alloc()
                0x0800e504                std::bad_alloc::~bad_alloc()
 .text._ZNSt9bad_allocD0Ev
                0x0800e518       0x1c /opt/gcc-arm-none-eabi-5_4-2016q3/bin/../lib/gcc/arm-none-eabi/5.4.1/../../../../arm-none-eabi/lib/armv7e-m/libstdc++.a(bad_alloc.o)
                0x0800e518                std::bad_alloc::~bad_alloc()
 .text._ZNSt9exceptionD2Ev
                0x0800e534        0x4 /opt/gcc-arm-none-eabi-5_4-2016q3/bin/../lib/gcc/arm-none-eabi/5.4.1/../../../../arm-none-eabi/lib/armv7e-m/libstdc++.a(eh_exception.o)
                0x0800e534                std::exception::~exception()
                0x0800e534                std::exception::~exception()
 .text._ZNSt13bad_exceptionD2Ev
                0x0800e538        0x4 /opt/gcc-arm-none-eabi-5_4-2016q3/bin/../lib/gcc/arm-none-eabi/5.4.1/../../../../arm-none-eabi/lib/armv7e-m/libstdc++.a(eh_exception.o)
                0x0800e538                std::bad_exception::~bad_exception()
                0x0800e538                std::bad_exception::~bad_exception()
 .text._ZNKSt9exception4whatEv
                0x0800e53c        0x8 /opt/gcc-arm-none-eabi-5_4-2016q3/bin/../lib/gcc/arm-none-eabi/5.4.1/../../../../arm-none-eabi/lib/armv7e-m/libstdc++.a(eh_exception.o)
                0x0800e53c                std::exception::what() const
 .text._ZNKSt13bad_exception4whatEv
                0x0800e544        0x8 /opt/gcc-arm-none-eabi-5_4-2016q3/bin/../lib/gcc/arm-none-eabi/5.4.1/../../../../arm-none-eabi/lib/armv7e-m/libstdc++.a(eh_exception.o)
                0x0800e544                std::bad_exception::what() const
 .text._ZNSt13bad_exceptionD0Ev
                0x0800e54c        0xc /opt/gcc-arm-none-eabi-5_4-2016q3/bin/../lib/gcc/arm-none-eabi/5.4.1/../../../../arm-none-eabi/lib/armv7e-m/libstdc++.a(eh_exception.o)
                0x0800e54c                std::bad_exception::~bad_exception()
 .text._ZN10__cxxabiv111__terminateEPFvvE
                0x0800e558       0x28 /opt/gcc-arm-none-eabi-5_4-2016q3/bin/../lib/gcc/arm-none-eabi/5.4.1/../../../../arm-none-eabi/lib/armv7e-m/libstdc++.a(eh_terminate.o)
                0x0800e558                __cxxabiv1::__terminate(void (*)())
 .text._ZSt9terminatev
                0x0800e580       0x14 /opt/gcc-arm-none-eabi-5_4-2016q3/bin/../lib/gcc/arm-none-eabi/5.4.1/../../../../arm-none-eabi/lib/armv7e-m/libstdc++.a(eh_terminate.o)
                0x0800e580                std::terminate()
 .text._ZN10__cxxabiv112__unexpectedEPFvvE
                0x0800e594        0x8 /opt/gcc-arm-none-eabi-5_4-2016q3/bin/../lib/gcc/arm-none-eabi/5.4.1/../../../../arm-none-eabi/lib/armv7e-m/libstdc++.a(eh_terminate.o)
                0x0800e594                __cxxabiv1::__unexpected(void (*)())
 .text._ZSt10unexpectedv
                0x0800e59c       0x14 /opt/gcc-arm-none-eabi-5_4-2016q3/bin/../lib/gcc/arm-none-eabi/5.4.1/../../../../arm-none-eabi/lib/armv7e-m/libstdc++.a(eh_terminate.o)
                0x0800e59c                std::unexpected()
 .text._ZSt13get_terminatev
                0x0800e5b0       0x10 /opt/gcc-arm-none-eabi-5_4-2016q3/bin/../lib/gcc/arm-none-eabi/5.4.1/../../../../arm-none-eabi/lib/armv7e-m/libstdc++.a(eh_terminate.o)
                0x0800e5b0                std::get_terminate()
 .text._ZSt14get_unexpectedv
                0x0800e5c0       0x10 /opt/gcc-arm-none-eabi-5_4-2016q3/bin/../lib/gcc/arm-none-eabi/5.4.1/../../../../arm-none-eabi/lib/armv7e-m/libstdc++.a(eh_terminate.o)
                0x0800e5c0                std::get_unexpected()
 .text._ZNSt9type_infoD2Ev
                0x0800e5d0        0x4 /opt/gcc-arm-none-eabi-5_4-2016q3/bin/../lib/gcc/arm-none-eabi/5.4.1/../../../../arm-none-eabi/lib/armv7e-m/libstdc++.a(tinfo.o)
                0x0800e5d0                std::type_info::~type_info()
                0x0800e5d0                std::type_info::~type_info()
 .text._ZNKSt9type_info15__is_function_pEv
                0x0800e5d4        0x4 /opt/gcc-arm-none-eabi-5_4-2016q3/bin/../lib/gcc/arm-none-eabi/5.4.1/../../../../arm-none-eabi/lib/armv7e-m/libstdc++.a(tinfo.o)
                0x0800e5d4                std::type_info::__is_function_p() const
                0x0800e5d4                std::type_info::__is_pointer_p() const
 .text._ZNKSt9type_infoeqERKS_
                0x0800e5d8       0x2c /opt/gcc-arm-none-eabi-5_4-2016q3/bin/../lib/gcc/arm-none-eabi/5.4.1/../../../../arm-none-eabi/lib/armv7e-m/libstdc++.a(tinfo.o)
                0x0800e5d8                std::type_info::operator==(std::type_info const&) const
 .text._ZN12_GLOBAL__N_14pool4freeEPv.constprop.4
                0x0800e604       0x74 /opt/gcc-arm-none-eabi-5_4-2016q3/bin/../lib/gcc/arm-none-eabi/5.4.1/../../../../arm-none-eabi/lib/armv7e-m/libstdc++.a(eh_alloc.o)
 .text._ZN12_GLOBAL__N_14pool8allocateEj.constprop.5
                0x0800e678       0x64 /opt/gcc-arm-none-eabi-5_4-2016q3/bin/../lib/gcc/arm-none-eabi/5.4.1/../../../../arm-none-eabi/lib/armv7e-m/libstdc++.a(eh_alloc.o)
 .text.__cxa_allocate_exception
                0x0800e6dc       0x30 /opt/gcc-arm-none-eabi-5_4-2016q3/bin/../lib/gcc/arm-none-eabi/5.4.1/../../../../arm-none-eabi/lib/armv7e-m/libstdc++.a(eh_alloc.o)
                0x0800e6dc                __cxa_allocate_exception
 .text.__cxa_free_exception
                0x0800e70c       0x20 /opt/gcc-arm-none-eabi-5_4-2016q3/bin/../lib/gcc/arm-none-eabi/5.4.1/../../../../arm-none-eabi/lib/armv7e-m/libstdc++.a(eh_alloc.o)
                0x0800e70c                __cxa_free_exception
 .text.startup._GLOBAL__sub_I___cxa_allocate_exception
                0x0800e72c       0x28 /opt/gcc-arm-none-eabi-5_4-2016q3/bin/../lib/gcc/arm-none-eabi/5.4.1/../../../../arm-none-eabi/lib/armv7e-m/libstdc++.a(eh_alloc.o)
 .text.__cxa_end_cleanup
                0x0800e754        0xc /opt/gcc-arm-none-eabi-5_4-2016q3/bin/../lib/gcc/arm-none-eabi/5.4.1/../../../../arm-none-eabi/lib/armv7e-m/libstdc++.a(eh_arm.o)
                0x0800e754                __cxa_end_cleanup
 .text.__cxa_type_match
                0x0800e760       0xb0 /opt/gcc-arm-none-eabi-5_4-2016q3/bin/../lib/gcc/arm-none-eabi/5.4.1/../../../../arm-none-eabi/lib/armv7e-m/libstdc++.a(eh_arm.o)
                0x0800e760                __cxa_type_match
 .text.__cxa_begin_cleanup
                0x0800e810       0x64 /opt/gcc-arm-none-eabi-5_4-2016q3/bin/../lib/gcc/arm-none-eabi/5.4.1/../../../../arm-none-eabi/lib/armv7e-m/libstdc++.a(eh_arm.o)
                0x0800e810                __cxa_begin_cleanup
 .text.__gnu_end_cleanup
                0x0800e874       0x70 /opt/gcc-arm-none-eabi-5_4-2016q3/bin/../lib/gcc/arm-none-eabi/5.4.1/../../../../arm-none-eabi/lib/armv7e-m/libstdc++.a(eh_arm.o)
                0x0800e874                __gnu_end_cleanup
 .text._ZNK10__cxxabiv117__class_type_info11__do_upcastEPKS0_PPv
                0x0800e8e4       0x38 /opt/gcc-arm-none-eabi-5_4-2016q3/bin/../lib/gcc/arm-none-eabi/5.4.1/../../../../arm-none-eabi/lib/armv7e-m/libstdc++.a(class_type_info.o)
                0x0800e8e4                __cxxabiv1::__class_type_info::__do_upcast(__cxxabiv1::__class_type_info const*, void**) const
 .text._ZNK10__cxxabiv117__class_type_info20__do_find_public_srcEiPKvPKS0_S2_
                0x0800e91c        0xc /opt/gcc-arm-none-eabi-5_4-2016q3/bin/../lib/gcc/arm-none-eabi/5.4.1/../../../../arm-none-eabi/lib/armv7e-m/libstdc++.a(class_type_info.o)
                0x0800e91c                __cxxabiv1::__class_type_info::__do_find_public_src(int, void const*, __cxxabiv1::__class_type_info const*, void const*) const
 .text._ZN10__cxxabiv117__class_type_infoD2Ev
                0x0800e928       0x14 /opt/gcc-arm-none-eabi-5_4-2016q3/bin/../lib/gcc/arm-none-eabi/5.4.1/../../../../arm-none-eabi/lib/armv7e-m/libstdc++.a(class_type_info.o)
                0x0800e928                __cxxabiv1::__class_type_info::~__class_type_info()
                0x0800e928                __cxxabiv1::__class_type_info::~__class_type_info()
 .text._ZN10__cxxabiv117__class_type_infoD0Ev
                0x0800e93c       0x1c /opt/gcc-arm-none-eabi-5_4-2016q3/bin/../lib/gcc/arm-none-eabi/5.4.1/../../../../arm-none-eabi/lib/armv7e-m/libstdc++.a(class_type_info.o)
                0x0800e93c                __cxxabiv1::__class_type_info::~__class_type_info()
 .text._ZNK10__cxxabiv117__class_type_info11__do_upcastEPKS0_PKvRNS0_15__upcast_resultE
                0x0800e958       0x18 /opt/gcc-arm-none-eabi-5_4-2016q3/bin/../lib/gcc/arm-none-eabi/5.4.1/../../../../arm-none-eabi/lib/armv7e-m/libstdc++.a(class_type_info.o)
                0x0800e958                __cxxabiv1::__class_type_info::__do_upcast(__cxxabiv1::__class_type_info const*, void const*, __cxxabiv1::__class_type_info::__upcast_result&) const
 .text._ZNK10__cxxabiv117__class_type_info12__do_dyncastEiNS0_10__sub_kindEPKS0_PKvS3_S5_RNS0_16__dyncast_resultE
                0x0800e970       0x40 /opt/gcc-arm-none-eabi-5_4-2016q3/bin/../lib/gcc/arm-none-eabi/5.4.1/../../../../arm-none-eabi/lib/armv7e-m/libstdc++.a(class_type_info.o)
                0x0800e970                __cxxabiv1::__class_type_info::__do_dyncast(int, __cxxabiv1::__class_type_info::__sub_kind, __cxxabiv1::__class_type_info const*, void const*, __cxxabiv1::__class_type_info const*, void const*, __cxxabiv1::__class_type_info::__dyncast_result&) const
 .text._ZNK10__cxxabiv117__class_type_info10__do_catchEPKSt9type_infoPPvj
                0x0800e9b0       0x2c /opt/gcc-arm-none-eabi-5_4-2016q3/bin/../lib/gcc/arm-none-eabi/5.4.1/../../../../arm-none-eabi/lib/armv7e-m/libstdc++.a(class_type_info.o)
                0x0800e9b0                __cxxabiv1::__class_type_info::__do_catch(std::type_info const*, void**, unsigned int) const
 .text.__cxa_guard_acquire
                0x0800e9dc       0x38 /opt/gcc-arm-none-eabi-5_4-2016q3/bin/../lib/gcc/arm-none-eabi/5.4.1/../../../../arm-none-eabi/lib/armv7e-m/libstdc++.a(guard.o)
                0x0800e9dc                __cxa_guard_acquire
 .text.__cxa_guard_abort
                0x0800ea14        0x8 /opt/gcc-arm-none-eabi-5_4-2016q3/bin/../lib/gcc/arm-none-eabi/5.4.1/../../../../arm-none-eabi/lib/armv7e-m/libstdc++.a(guard.o)
                0x0800ea14                __cxa_guard_abort
 .text.__cxa_guard_release
                0x0800ea1c        0x8 /opt/gcc-arm-none-eabi-5_4-2016q3/bin/../lib/gcc/arm-none-eabi/5.4.1/../../../../arm-none-eabi/lib/armv7e-m/libstdc++.a(guard.o)
                0x0800ea1c                __cxa_guard_release
 .text.__cxa_pure_virtual
                0x0800ea24       0x14 /opt/gcc-arm-none-eabi-5_4-2016q3/bin/../lib/gcc/arm-none-eabi/5.4.1/../../../../arm-none-eabi/lib/armv7e-m/libstdc++.a(pure.o)
                0x0800ea24                __cxa_pure_virtual
 .text._ZN10__cxxabiv1L24__is_gxx_exception_classEPc
                0x0800ea38       0x3c /opt/gcc-arm-none-eabi-5_4-2016q3/bin/../lib/gcc/arm-none-eabi/5.4.1/../../../../arm-none-eabi/lib/armv7e-m/libstdc++.a(eh_call.o)
 .text.__cxa_call_terminate
                0x0800ea74       0x20 /opt/gcc-arm-none-eabi-5_4-2016q3/bin/../lib/gcc/arm-none-eabi/5.4.1/../../../../arm-none-eabi/lib/armv7e-m/libstdc++.a(eh_call.o)
                0x0800ea74                __cxa_call_terminate
 .text.__cxa_call_unexpected
                0x0800ea94       0xe8 /opt/gcc-arm-none-eabi-5_4-2016q3/bin/../lib/gcc/arm-none-eabi/5.4.1/../../../../arm-none-eabi/lib/armv7e-m/libstdc++.a(eh_call.o)
                0x0800ea94                __cxa_call_unexpected
 .text._ZSt15get_new_handlerv
                0x0800eb7c       0x10 /opt/gcc-arm-none-eabi-5_4-2016q3/bin/../lib/gcc/arm-none-eabi/5.4.1/../../../../arm-none-eabi/lib/armv7e-m/libstdc++.a(new_handler.o)
                0x0800eb7c                std::get_new_handler()
 .text._ZN9__gnu_cxx27__verbose_terminate_handlerEv
                0x0800eb8c      0x114 /opt/gcc-arm-none-eabi-5_4-2016q3/bin/../lib/gcc/arm-none-eabi/5.4.1/../../../../arm-none-eabi/lib/armv7e-m/libstdc++.a(vterminate.o)
                0x0800eb8c                __gnu_cxx::__verbose_terminate_handler()
 .text._ZN9__gnu_cxx20recursive_init_errorD2Ev
                0x0800eca0       0x14 /opt/gcc-arm-none-eabi-5_4-2016q3/bin/../lib/gcc/arm-none-eabi/5.4.1/../../../../arm-none-eabi/lib/armv7e-m/libstdc++.a(guard_error.o)
                0x0800eca0                __gnu_cxx::recursive_init_error::~recursive_init_error()
                0x0800eca0                __gnu_cxx::recursive_init_error::~recursive_init_error()
 .text._ZN9__gnu_cxx20recursive_init_errorD0Ev
                0x0800ecb4       0x1c /opt/gcc-arm-none-eabi-5_4-2016q3/bin/../lib/gcc/arm-none-eabi/5.4.1/../../../../arm-none-eabi/lib/armv7e-m/libstdc++.a(guard_error.o)
                0x0800ecb4                __gnu_cxx::recursive_init_error::~recursive_init_error()
 .text.__cxa_current_exception_type
                0x0800ecd0       0x1c /opt/gcc-arm-none-eabi-5_4-2016q3/bin/../lib/gcc/arm-none-eabi/5.4.1/../../../../arm-none-eabi/lib/armv7e-m/libstdc++.a(eh_type.o)
                0x0800ecd0                __cxa_current_exception_type
 .text.fmod     0x0800ecec       0xc4 /opt/gcc-arm-none-eabi-5_4-2016q3/bin/../lib/gcc/arm-none-eabi/5.4.1/../../../../arm-none-eabi/lib/armv7e-m/libm.a(lib_a-w_fmod.o)
                0x0800ecec                fmod
 .text.__ieee754_fmod
                0x0800edb0      0x238 /opt/gcc-arm-none-eabi-5_4-2016q3/bin/../lib/gcc/arm-none-eabi/5.4.1/../../../../arm-none-eabi/lib/armv7e-m/libm.a(lib_a-e_fmod.o)
                0x0800edb0                __ieee754_fmod
 .text.matherr  0x0800efe8        0x4 /opt/gcc-arm-none-eabi-5_4-2016q3/bin/../lib/gcc/arm-none-eabi/5.4.1/../../../../arm-none-eabi/lib/armv7e-m/libm.a(lib_a-s_matherr.o)
                0x0800efe8                matherr
 .text.abort    0x0800efec       0x10 /opt/gcc-arm-none-eabi-5_4-2016q3/bin/../lib/gcc/arm-none-eabi/5.4.1/../../../../arm-none-eabi/lib/armv7e-m/libg.a(lib_a-abort.o)
                0x0800efec                abort
 .text.__cxa_atexit
                0x0800effc        0xc /opt/gcc-arm-none-eabi-5_4-2016q3/bin/../lib/gcc/arm-none-eabi/5.4.1/../../../../arm-none-eabi/lib/armv7e-m/libg.a(lib_a-cxa_atexit.o)
                0x0800effc                __cxa_atexit